<html>
<body>
<pre>
<h1>µVision Build Log</h1>
<h2>Tool Versions:</h2>
IDE-Version: µVision V5.36.0.0
Copyright (C) 2021 ARM Ltd and ARM Germany GmbH. All rights reserved.
License Information: Oleg Po, -, LIC=SDA0P-MJQYG-PCYJ8-3M30A-53ITY-WIMVS
 
Tool Versions:
Toolchain:       MDK-ARM Plus  Version: 5.36.0.0
Toolchain Path:  C:\Keil_v5\ARM\ARMCC\Bin
C Compiler:      Armcc.exe V5.06 update 7 (build 960)
Assembler:       Armasm.exe V5.06 update 7 (build 960)
Linker/Locator:  ArmLink.exe V5.06 update 7 (build 960)
Library Manager: ArmAr.exe V5.06 update 7 (build 960)
Hex Converter:   FromElf.exe V5.06 update 7 (build 960)
CPU DLL:         SARMCM3.DLL V5.36.0.0
Dialog DLL:      DCM.DLL V1.17.3.0
Target DLL:      STLink\ST-LINKIII-KEIL_SWO.dll V3.0.9.0
Dialog DLL:      TCM.DLL V1.53.0.0
 
<h2>Project:</h2>
F:\Keil_Projects\STM32F4DISCO\RTOS_test\MDK-ARM\RTOS_test.uvprojx
Project File Date:  11/14/2021

<h2>Output:</h2>
*** Using Compiler 'V5.06 update 7 (build 960)', folder: 'C:\Keil_v5\ARM\ARMCC\Bin'
Build target 'RTOS_test'
assembling startup_stm32f407xx.s...
compiling FreeRTOS_CLI.c...
compiling usbh_platform.c...
compiling main_module.c...
compiling onewire.c...
compiling sensors.c...
compiling pdm2pcm.c...
compiling stm32_ds3231.c...
compiling stm32f4xx_hal_timebase_tim.c...
compiling global_var.c...
compiling system_stm32f4xx.c...
compiling usbh_diskio.c...
compiling stm32f4xx_hal_msp.c...
compiling stm32f4xx_ll_usb.c...
compiling stm32f4xx_it.c...
compiling usb_host.c...
compiling main.c...
../Src/main.c(1428): warning:  #940-D: missing return statement at end of non-void function "fgetc" 
  }
../Src/main.c(1432): warning:  #177-D: function "vStdoutTask"  was declared but never referenced
  void vStdoutTask(void *pvParameters)
../Src/main.c(1452): warning:  #177-D: function "vDisplayOutTask"  was declared but never referenced
  void vDisplayOutTask(void *pvParameters)
../Src/main.c(1472): warning:  #177-D: function "vGetForUart"  was declared but never referenced
  void vGetForUart(void *pvParameters)
../Src/main.c: 4 warnings, 0 errors
compiling stm32f4xx_hal_hcd.c...
compiling user_tasks.c...
compiling freertos.c...
compiling stm32f4xx_hal_rcc_ex.c...
compiling ds18b20.c...
compiling stm32f4xx_hal_rcc.c...
compiling usbh_conf.c...
compiling fatfs.c...
compiling stm32f4xx_hal_flash_ramfunc.c...
compiling stm32f4xx_hal_flash.c...
compiling stm32f4xx_hal_flash_ex.c...
compiling stm32f4xx_hal_gpio.c...
compiling stm32f4xx_hal_dma_ex.c...
compiling stm32f4xx_hal_rtc_ex.c...
compiling stm32f4xx_hal_cortex.c...
compiling croutine.c...
compiling list.c...
compiling event_groups.c...
compiling stm32f4xx_hal_spi.c...
compiling stm32f4xx_hal_dma.c...
compiling stm32f4xx_hal_pwr_ex.c...
compiling queue.c...
compiling stream_buffer.c...
compiling timers.c...
compiling heap_4.c...
compiling tasks.c...
compiling stm32f4xx_hal.c...
compiling stm32f4xx_hal_uart.c...
compiling cmsis_os.c...
compiling stm32f4xx_hal_pwr.c...
compiling stm32f4xx_hal_iwdg.c...
compiling port.c...
compiling stm32f4xx_hal_exti.c...
compiling stm32f4xx_hal_crc.c...
compiling stm32f4xx_hal_adc_ex.c...
compiling stm32f4xx_hal_adc.c...
compiling stm32f4xx_hal_rtc.c...
compiling stm32f4xx_hal_i2c_ex.c...
compiling stm32f4xx_hal_tim_ex.c...
compiling stm32f4xx_hal_i2c.c...
compiling ff_gen_drv.c...
compiling syscall.c...
compiling stm32f4xx_hal_tim.c...
compiling usbh_pipes.c...
compiling usbh_ctlreq.c...
compiling diskio.c...
compiling usbh_ioreq.c...
compiling usbh_core.c...
compiling usbh_msc_bot.c...
compiling usbh_msc_scsi.c...
compiling usbh_msc.c...
compiling ff.c...
linking...
Program Size: Code=92344 RO-data=1356 RW-data=1456 ZI-data=26128  
FromELF: creating hex file...
"RTOS_test\RTOS_test.axf" - 0 Error(s), 4 Warning(s).

<h2>Software Packages used:</h2>

Package Vendor: ARM
                http://www.keil.com/pack/ARM.CMSIS.5.8.0.pack
                ARM.CMSIS.5.8.0
                CMSIS (Common Microcontroller Software Interface Standard)
   * Component: CORE Version: 5.5.0

Package Vendor: Keil
                http://www.keil.com/pack/Keil.STM32F4xx_DFP.2.15.0.pack
                Keil.STM32F4xx_DFP.2.15.0
                STMicroelectronics STM32F4 Series Device Support, Drivers and Examples

<h2>Collection of Component include folders:</h2>
  .\RTE\_RTOS_test
  C:\Keil_v5\Packs\ARM\CMSIS\5.8.0\CMSIS\Core\Include
  C:\Keil_v5\Packs\Keil\STM32F4xx_DFP\2.15.0\Drivers\CMSIS\Device\ST\STM32F4xx\Include

<h2>Collection of Component Files used:</h2>

   * Component: ARM::CMSIS:CORE:5.5.0
Build Time Elapsed:  00:00:39
</pre>
</body>
</html>
