Component: ARM Compiler 5.06 update 7 (build 960) Tool: armlink [4d3601]

==============================================================================

Section Cross References

    startup_stm32f407xx.o(RESET) refers to startup_stm32f407xx.o(STACK) for __initial_sp
    startup_stm32f407xx.o(RESET) refers to startup_stm32f407xx.o(.text) for Reset_Handler
    startup_stm32f407xx.o(RESET) refers to stm32f4xx_it.o(i.NMI_Handler) for NMI_Handler
    startup_stm32f407xx.o(RESET) refers to stm32f4xx_it.o(i.HardFault_Handler) for HardFault_Handler
    startup_stm32f407xx.o(RESET) refers to stm32f4xx_it.o(i.MemManage_Handler) for MemManage_Handler
    startup_stm32f407xx.o(RESET) refers to stm32f4xx_it.o(i.BusFault_Handler) for BusFault_Handler
    startup_stm32f407xx.o(RESET) refers to stm32f4xx_it.o(i.UsageFault_Handler) for UsageFault_Handler
    startup_stm32f407xx.o(RESET) refers to port.o(.emb_text) for SVC_Handler
    startup_stm32f407xx.o(RESET) refers to stm32f4xx_it.o(i.DebugMon_Handler) for DebugMon_Handler
    startup_stm32f407xx.o(RESET) refers to port.o(i.SysTick_Handler) for SysTick_Handler
    startup_stm32f407xx.o(RESET) refers to stm32f4xx_it.o(i.EXTI0_IRQHandler) for EXTI0_IRQHandler
    startup_stm32f407xx.o(RESET) refers to stm32f4xx_it.o(i.EXTI2_IRQHandler) for EXTI2_IRQHandler
    startup_stm32f407xx.o(RESET) refers to stm32f4xx_it.o(i.DMA1_Stream0_IRQHandler) for DMA1_Stream0_IRQHandler
    startup_stm32f407xx.o(RESET) refers to stm32f4xx_it.o(i.DMA1_Stream6_IRQHandler) for DMA1_Stream6_IRQHandler
    startup_stm32f407xx.o(RESET) refers to stm32f4xx_it.o(i.ADC_IRQHandler) for ADC_IRQHandler
    startup_stm32f407xx.o(RESET) refers to stm32f4xx_it.o(i.TIM4_IRQHandler) for TIM4_IRQHandler
    startup_stm32f407xx.o(RESET) refers to stm32f4xx_it.o(i.I2C1_EV_IRQHandler) for I2C1_EV_IRQHandler
    startup_stm32f407xx.o(RESET) refers to stm32f4xx_it.o(i.I2C1_ER_IRQHandler) for I2C1_ER_IRQHandler
    startup_stm32f407xx.o(RESET) refers to stm32f4xx_it.o(i.I2C2_EV_IRQHandler) for I2C2_EV_IRQHandler
    startup_stm32f407xx.o(RESET) refers to stm32f4xx_it.o(i.I2C2_ER_IRQHandler) for I2C2_ER_IRQHandler
    startup_stm32f407xx.o(RESET) refers to stm32f4xx_it.o(i.SPI1_IRQHandler) for SPI1_IRQHandler
    startup_stm32f407xx.o(RESET) refers to stm32f4xx_it.o(i.USART1_IRQHandler) for USART1_IRQHandler
    startup_stm32f407xx.o(RESET) refers to stm32f4xx_it.o(i.USART2_IRQHandler) for USART2_IRQHandler
    startup_stm32f407xx.o(RESET) refers to stm32f4xx_it.o(i.USART3_IRQHandler) for USART3_IRQHandler
    startup_stm32f407xx.o(RESET) refers to stm32f4xx_it.o(i.TIM6_DAC_IRQHandler) for TIM6_DAC_IRQHandler
    startup_stm32f407xx.o(RESET) refers to stm32f4xx_it.o(i.TIM7_IRQHandler) for TIM7_IRQHandler
    startup_stm32f407xx.o(RESET) refers to stm32f4xx_it.o(i.DMA2_Stream0_IRQHandler) for DMA2_Stream0_IRQHandler
    startup_stm32f407xx.o(RESET) refers to stm32f4xx_it.o(i.OTG_FS_IRQHandler) for OTG_FS_IRQHandler
    startup_stm32f407xx.o(RESET) refers to stm32f4xx_it.o(i.USART6_IRQHandler) for USART6_IRQHandler
    startup_stm32f407xx.o(.text) refers to system_stm32f4xx.o(i.SystemInit) for SystemInit
    startup_stm32f407xx.o(.text) refers to entry.o(.ARM.Collect$$$$00000000) for __main
    stm32_ds3231.o(i.DS3231_ClearAlarm1) refers to stm32_ds3231.o(i.ReadRegister) for ReadRegister
    stm32_ds3231.o(i.DS3231_ClearAlarm1) refers to stm32_ds3231.o(i.WriteRegister) for WriteRegister
    stm32_ds3231.o(i.DS3231_GetTime) refers to stm32f4xx_hal_i2c.o(i.HAL_I2C_Master_Transmit) for HAL_I2C_Master_Transmit
    stm32_ds3231.o(i.DS3231_GetTime) refers to stm32f4xx_hal_i2c.o(i.HAL_I2C_Master_Receive) for HAL_I2C_Master_Receive
    stm32_ds3231.o(i.DS3231_GetTime) refers to stm32_ds3231.o(i.B2D) for B2D
    stm32_ds3231.o(i.DS3231_GetTime) refers to stm32_ds3231.o(.data) for i2c
    stm32_ds3231.o(i.DS3231_Init) refers to stm32_ds3231.o(.data) for i2c
    stm32_ds3231.o(i.DS3231_ReadTemperature) refers to stm32f4xx_hal_i2c.o(i.HAL_I2C_Master_Transmit) for HAL_I2C_Master_Transmit
    stm32_ds3231.o(i.DS3231_ReadTemperature) refers to stm32f4xx_hal_i2c.o(i.HAL_I2C_Master_Receive) for HAL_I2C_Master_Receive
    stm32_ds3231.o(i.DS3231_ReadTemperature) refers to stm32_ds3231.o(.data) for i2c
    stm32_ds3231.o(i.DS3231_SetAlarm1) refers to stm32_ds3231.o(i.D2B) for D2B
    stm32_ds3231.o(i.DS3231_SetAlarm1) refers to stm32f4xx_hal_i2c.o(i.HAL_I2C_Master_Transmit) for HAL_I2C_Master_Transmit
    stm32_ds3231.o(i.DS3231_SetAlarm1) refers to stm32_ds3231.o(i.ReadRegister) for ReadRegister
    stm32_ds3231.o(i.DS3231_SetAlarm1) refers to stm32_ds3231.o(i.WriteRegister) for WriteRegister
    stm32_ds3231.o(i.DS3231_SetAlarm1) refers to stm32_ds3231.o(.data) for i2c
    stm32_ds3231.o(i.DS3231_SetTime) refers to stm32_ds3231.o(i.D2B) for D2B
    stm32_ds3231.o(i.DS3231_SetTime) refers to stm32f4xx_hal_i2c.o(i.HAL_I2C_Master_Transmit) for HAL_I2C_Master_Transmit
[...]
    vPortExitCritical                        0x08015935   Thumb Code    38  port.o(i.vPortExitCritical)
    vPortFree                                0x08015961   Thumb Code    88  heap_4.o(i.vPortFree)
    vPortSetupTimerInterrupt                 0x080159bd   Thumb Code    64  port.o(i.vPortSetupTimerInterrupt)
    vPortSuppressTicksAndSleep               0x08015a05   Thumb Code   244  port.o(i.vPortSuppressTicksAndSleep)
    vPortValidateInterruptPriority           0x08015afd   Thumb Code    74  port.o(i.vPortValidateInterruptPriority)
    vQueueAddToRegistry                      0x08015b51   Thumb Code    34  queue.o(i.vQueueAddToRegistry)
    vQueueWaitForMessageRestricted           0x08015b79   Thumb Code    74  queue.o(i.vQueueWaitForMessageRestricted)
    vTaskDelay                               0x08015c31   Thumb Code    70  tasks.o(i.vTaskDelay)
    vTaskInternalSetTimeOutState             0x08015c81   Thumb Code    12  tasks.o(i.vTaskInternalSetTimeOutState)
    vTaskMissedYield                         0x08015c91   Thumb Code     8  tasks.o(i.vTaskMissedYield)
    vTaskPlaceOnEventList                    0x08015c9d   Thumb Code    48  tasks.o(i.vTaskPlaceOnEventList)
    vTaskPlaceOnEventListRestricted          0x08015cd1   Thumb Code    54  tasks.o(i.vTaskPlaceOnEventListRestricted)
    vTaskStartScheduler                      0x08015d0d   Thumb Code   128  tasks.o(i.vTaskStartScheduler)
    vTaskStepTick                            0x08015d9d   Thumb Code    36  tasks.o(i.vTaskStepTick)
    vTaskSuspendAll                          0x08015dc5   Thumb Code    10  tasks.o(i.vTaskSuspendAll)
    vTaskSwitchContext                       0x08015dd5   Thumb Code   136  tasks.o(i.vTaskSwitchContext)
    xPortStartScheduler                      0x08015e65   Thumb Code   232  port.o(i.xPortStartScheduler)
    xQueueGenericCreate                      0x08015f69   Thumb Code    74  queue.o(i.xQueueGenericCreate)
    xQueueGenericCreateStatic                0x08015fb3   Thumb Code   112  queue.o(i.xQueueGenericCreateStatic)
    xQueueGenericReset                       0x08016025   Thumb Code   138  queue.o(i.xQueueGenericReset)
    xQueueGenericSend                        0x080160b5   Thumb Code   362  queue.o(i.xQueueGenericSend)
    xQueueGenericSendFromISR                 0x08016225   Thumb Code   188  queue.o(i.xQueueGenericSendFromISR)
    xQueueReceive                            0x080162e1   Thumb Code   322  queue.o(i.xQueueReceive)
    xQueueReceiveFromISR                     0x08016429   Thumb Code   154  queue.o(i.xQueueReceiveFromISR)
    xTaskCheckForTimeOut                     0x080164c5   Thumb Code   122  tasks.o(i.xTaskCheckForTimeOut)
    xTaskCreate                              0x08016545   Thumb Code   108  tasks.o(i.xTaskCreate)
    xTaskCreateStatic                        0x080165b1   Thumb Code    96  tasks.o(i.xTaskCreateStatic)
    xTaskGetSchedulerState                   0x08016611   Thumb Code    24  tasks.o(i.xTaskGetSchedulerState)
    xTaskGetTickCount                        0x0801662d   Thumb Code     6  tasks.o(i.xTaskGetTickCount)
    xTaskIncrementTick                       0x08016639   Thumb Code   200  tasks.o(i.xTaskIncrementTick)
    xTaskPriorityDisinherit                  0x08016709   Thumb Code   146  tasks.o(i.xTaskPriorityDisinherit)
    xTaskRemoveFromEventList                 0x080167a5   Thumb Code   114  tasks.o(i.xTaskRemoveFromEventList)
    xTaskResumeAll                           0x08016825   Thumb Code   190  tasks.o(i.xTaskResumeAll)
    xTimerCreate                             0x080168f1   Thumb Code    56  timers.o(i.xTimerCreate)
    xTimerCreateStatic                       0x08016929   Thumb Code    60  timers.o(i.xTimerCreateStatic)
    xTimerCreateTimerTask                    0x08016965   Thumb Code    86  timers.o(i.xTimerCreateTimerTask)
    xTimerGenericCommand                     0x080169cd   Thumb Code   112  timers.o(i.xTimerGenericCommand)
    USBH_Driver                              0x08016b04   Data          20  usbh_diskio.o(.constdata)
    AHBPrescTable                            0x08016b18   Data          16  system_stm32f4xx.o(.constdata)
    APBPrescTable                            0x08016b28   Data           8  system_stm32f4xx.o(.constdata)
    __mathlib_zero                           0x08016ce0   Data           8  qnan.o(.constdata)
    Region$$Table$$Base                      0x08016de4   Number         0  anon$$obj.o(Region$$Table)
    Region$$Table$$Limit                     0x08016e04   Number         0  anon$$obj.o(Region$$Table)
    i2c                                      0x20000000   Data           4  stm32_ds3231.o(.data)
    hcrc                                     0x20000040   Data           8  main.o(.data)
    defaultTaskHandle                        0x20000048   Data           4  main.o(.data)
    DisplayDateTimeTimerHandle               0x2000004c   Data           4  main.o(.data)
    BurnerAugerTimerHandle                   0x20000050   Data           4  main.o(.data)
    DebounceTimerHandle                      0x20000054   Data           4  main.o(.data)
    HopperAugerTimerHandle                   0x20000058   Data           4  main.o(.data)
    AutoCleanTimerHandle                     0x2000005c   Data           4  main.o(.data)
    AshRemoveTimerHandle                     0x20000060   Data           4  main.o(.data)
    HotWaterPumpTimerHandle                  0x20000064   Data           4  main.o(.data)
    Aux1TimerHandle                          0x20000068   Data           4  main.o(.data)
    CirclePumpTimerHandle                    0x2000006c   Data           4  main.o(.data)
    IgnitionTimerHandle                      0x20000070   Data           4  main.o(.data)
    BurnerFanTimerHandle                     0x20000074   Data           4  main.o(.data)
    SecondaryAirFanTimerHandle               0x20000078   Data           4  main.o(.data)
    SuctionFanTimerHandle                    0x2000007c   Data           4  main.o(.data)
    CleanTimerHandle                         0x20000080   Data           4  main.o(.data)
    AshCleanTimerHandle                      0x20000084   Data           4  main.o(.data)
    NumberUartConsole                        0x20000088   Data           1  main.o(.data)
    buff_ds3231                              0x20000089   Data           8  main.o(.data)
    last_buff_ds3231                         0x20000091   Data           8  main.o(.data)
    fanout                                   0x20000099   Data           6  main.o(.data)
    boiler                                   0x2000009f   Data           1  main.o(.data)
    last_boiler                              0x200000a0   Data           1  main.o(.data)
    season                                   0x200000a1   Data           1  main.o(.data)
    on_off                                   0x200000a2   Data           1  main.o(.data)
    ext_event                                0x200000a3   Data           1  main.o(.data)
    last_event                               0x200000a4   Data           1  main.o(.data)
    ds3231_rtc                               0x200000a5   Data           7  main.o(.data)
    cigma                                    0x200000b0   Data           8  main.o(.data)
    cigma2                                   0x200000b8   Data           8  main.o(.data)
    USART_Queue                              0x200000c0   Data           4  main.o(.data)
    DISPLAY_Queue                            0x200000c4   Data           4  main.o(.data)
    stdout_queue                             0x200000c8   Data           4  main.o(.data)
    stdin_queue                              0x200000cc   Data           4  main.o(.data)
    display_out_queue                        0x200000d0   Data           4  main.o(.data)
    display_in_queue                         0x200000d4   Data           4  main.o(.data)
    retUSBH                                  0x200000d8   Data           1  fatfs.o(.data)
    USBHPath                                 0x200000d9   Data           4  fatfs.o(.data)
    PDM1_filter_config                       0x200000de   Data           6  pdm2pcm.o(.data)
    Appli_state                              0x200000e4   Data           1  usb_host.o(.data)
    SystemCoreClock                          0x200000e8   Data           4  system_stm32f4xx.o(.data)
    uwTickFreq                               0x200000f0   Data           1  stm32f4xx_hal.o(.data)
    uwTickPrio                               0x200000f4   Data           4  stm32f4xx_hal.o(.data)
    uwTick                                   0x200000f8   Data           4  stm32f4xx_hal.o(.data)
    pxCurrentTCB                             0x200000fc   Data           4  tasks.o(.data)
    USBH_msc                                 0x2000017c   Data          32  usbh_msc.o(.data)
    __stdout                                 0x200005a0   Data           4  stdout.o(.data)
    __microlib_freelist                      0x200005a4   Data           4  mvars.o(.data)
    __microlib_freelist_initialised          0x200005a8   Data           4  mvars.o(.data)
    hadc1                                    0x200005b0   Data          72  main.o(.bss)
    hdma_adc1                                0x200005f8   Data          96  main.o(.bss)
    hi2c1                                    0x20000658   Data          84  main.o(.bss)
    hi2c2                                    0x200006ac   Data          84  main.o(.bss)
    hdma_i2c1_rx                             0x20000700   Data          96  main.o(.bss)
    hdma_i2c1_tx                             0x20000760   Data          96  main.o(.bss)
    hiwdg                                    0x200007c0   Data          12  main.o(.bss)
    hrtc                                     0x200007cc   Data          32  main.o(.bss)
    hspi1                                    0x200007ec   Data          88  main.o(.bss)
    htim4                                    0x20000844   Data          64  main.o(.bss)
    htim6                                    0x20000884   Data          64  main.o(.bss)
    htim9                                    0x200008c4   Data          64  main.o(.bss)
    htim12                                   0x20000904   Data          64  main.o(.bss)
    huart4                                   0x20000944   Data          64  main.o(.bss)
    huart5                                   0x20000984   Data          64  main.o(.bss)
    huart1                                   0x200009c4   Data          64  main.o(.bss)
    huart2                                   0x20000a04   Data          64  main.o(.bss)
    huart3                                   0x20000a44   Data          64  main.o(.bss)
    huart6                                   0x20000a84   Data          64  main.o(.bss)
    hhcd_USB_OTG_HS                          0x20000ac4   Data         708  main.o(.bss)
    DisplayDateTimeTimerControlBlock         0x20000d88   Data          44  main.o(.bss)
    CleanTimerControlBlock                   0x20000db4   Data          44  main.o(.bss)
    AshCleanTimerControlBlock                0x20000de0   Data          44  main.o(.bss)
    ADC_Data                                 0x20000e0c   Data          22  main.o(.bss)
    binout                                   0x20000e24   Data         132  main.o(.bss)
    sensors                                  0x20000ea8   Data          72  main.o(.bss)
    temperatures                             0x20000ef0   Data         136  main.o(.bss)
    times                                    0x20000f78   Data         288  main.o(.bss)
    buff                                     0x20001098   Data          16  main.o(.bss)
    buff_display                             0x200010a8   Data          24  main.o(.bss)
    string_uart                              0x200010c0   Data          60  main.o(.bss)
    PDM1_filter_handler                      0x20002028   Data          76  pdm2pcm.o(.bss)
    hUsbHostFS                               0x20002074   Data         984  usb_host.o(.bss)
    hhcd_USB_OTG_FS                          0x2000244c   Data         708  usbh_conf.o(.bss)
    htim7                                    0x20002710   Data          64  stm32f4xx_hal_timebase_tim.o(.bss)
    disk                                     0x20002750   Data          12  ff_gen_drv.o(.bss)
    xQueueRegistry                           0x2000275c   Data          64  queue.o(.bss)
    __heap_base                              0x200065c0   Data           0  startup_stm32f407xx.o(HEAP)
    __heap_limit                             0x200067c0   Data           0  startup_stm32f407xx.o(HEAP)
    __initial_sp                             0x20006bc0   Data           0  startup_stm32f407xx.o(STACK)



==============================================================================

Memory Map of the image

  Image Entry point : 0x08000189

  Load Region LR_IROM1 (Base: 0x08000000, Size: 0x000173b4, Max: 0x00100000, ABSOLUTE, COMPRESSED[0x0001723c])

    Execution Region ER_IROM1 (Exec base: 0x08000000, Load base: 0x08000000, Size: 0x00016e04, Max: 0x00100000, ABSOLUTE)

    Exec Addr    Load Addr    Size         Type   Attr      Idx    E Section Name        Object

    0x08000000   0x08000000   0x00000188   Data   RO            3    RESET               startup_stm32f407xx.o
    0x08000188   0x08000188   0x00000000   Code   RO         9435  * .ARM.Collect$$$$00000000  mc_w.l(entry.o)
    0x08000188   0x08000188   0x00000004   Code   RO         9794    .ARM.Collect$$$$00000001  mc_w.l(entry2.o)
    0x0800018c   0x0800018c   0x00000004   Code   RO         9797    .ARM.Collect$$$$00000004  mc_w.l(entry5.o)
    0x08000190   0x08000190   0x00000000   Code   RO         9799    .ARM.Collect$$$$00000008  mc_w.l(entry7b.o)
    0x08000190   0x08000190   0x00000000   Code   RO         9801    .ARM.Collect$$$$0000000A  mc_w.l(entry8b.o)
    0x08000190   0x08000190   0x00000008   Code   RO         9802    .ARM.Collect$$$$0000000B  mc_w.l(entry9a.o)
    0x08000198   0x08000198   0x00000004   Code   RO         9809    .ARM.Collect$$$$0000000E  mc_w.l(entry12b.o)
    0x0800019c   0x0800019c   0x00000000   Code   RO         9804    .ARM.Collect$$$$0000000F  mc_w.l(entry10a.o)
    0x0800019c   0x0800019c   0x00000000   Code   RO         9806    .ARM.Collect$$$$00000011  mc_w.l(entry11a.o)
    0x0800019c   0x0800019c   0x00000004   Code   RO         9795    .ARM.Collect$$$$00002712  mc_w.l(entry2.o)
    0x080001a0   0x080001a0   0x000000be   Code   RO         8687    .emb_text           port.o
    0x0800025e   0x0800025e   0x00000002   PAD
    0x08000260   0x08000260   0x00000004   Code   RO         9358    .rev16_text         libPDMFilter_CM4_Keil_wc16.lib(pdm_filter.o)
    0x08000264   0x08000264   0x00000024   Code   RO            4    .text               startup_stm32f407xx.o
    0x08000288   0x08000288   0x00000062   Code   RO         9438    .text               mc_w.l(uldiv.o)
    0x080002ea   0x080002ea   0x00000024   Code   RO         9440    .text               mc_w.l(memcpya.o)
    0x0800030e   0x0800030e   0x00000024   Code   RO         9444    .text               mc_w.l(memseta.o)
    0x08000332   0x08000332   0x00000018   Code   RO         9446    .text               mc_w.l(strncpy.o)
    0x0800034a   0x0800034a   0x0000000e   Code   RO         9448    .text               mc_w.l(strlen.o)
    0x08000358   0x08000358   0x0000001e   Code   RO         9452    .text               mc_w.l(strncmp.o)
    0x08000376   0x08000376   0x0000014e   Code   RO         9745    .text               mf_w.l(dadd.o)
    0x080004c4   0x080004c4   0x000000e4   Code   RO         9747    .text               mf_w.l(dmul.o)
    0x080005a8   0x080005a8   0x000000de   Code   RO         9749    .text               mf_w.l(ddiv.o)
    0x08000686   0x08000686   0x0000001a   Code   RO         9751    .text               mf_w.l(dfltui.o)
    0x080006a0   0x080006a0   0x0000003e   Code   RO         9753    .text               mf_w.l(dfixi.o)
    0x080006de   0x080006de   0x00000032   Code   RO         9755    .text               mf_w.l(dfixui.o)
    0x08000710   0x08000710   0x00000030   Code   RO         9757    .text               mf_w.l(cdcmple.o)
    0x08000740   0x08000740   0x00000030   Code   RO         9759    .text               mf_w.l(cdrcmple.o)
    0x08000770   0x08000770   0x0000002c   Code   RO         9811    .text               mc_w.l(uidiv.o)
    0x0800079c   0x0800079c   0x0000001e   Code   RO         9813    .text               mc_w.l(llshl.o)
    0x080007ba   0x080007ba   0x00000020   Code   RO         9815    .text               mc_w.l(llushr.o)
    0x080007da   0x080007da   0x00000024   Code   RO         9817    .text               mc_w.l(llsshr.o)
    0x080007fe   0x080007fe   0x00000000   Code   RO         9828    .text               mc_w.l(iusefp.o)
    0x080007fe   0x080007fe   0x0000003c   Code   RO         9829    .text               mf_w.l(frnd.o)
    0x0800083a   0x0800083a   0x000000ba   Code   RO         9831    .text               mf_w.l(depilogue.o)
    0x080008f4   0x080008f4   0x00000022   Code   RO         9835    .text               mf_w.l(dflti.o)
    0x08000916   0x08000916   0x00000030   Code   RO         9837    .text               mf_w.l(dfixul.o)
    0x08000946   0x08000946   0x00000004   Code   RO         9839    .text               mf_w.l(fpstat.o)
    0x0800094a   0x0800094a   0x00000002   PAD
    0x0800094c   0x0800094c   0x00000024   Code   RO         9841    .text               mc_w.l(init.o)
    0x08000970   0x08000970   0x0000006e   Code   RO         9843    .text               mf_w.l(fepilogue.o)
    0x080009de   0x080009de   0x0000003a   Code   RO         9853    .text               mc_w.l(__dczerorl.o)
    0x08000a18   0x08000a18   0x00000074   Code   RO         3974    i.ADC_DMAConvCplt   stm32f4xx_hal_adc.o
    0x08000a8c   0x08000a8c   0x00000016   Code   RO         3975    i.ADC_DMAError      stm32f4xx_hal_adc.o
    0x08000aa2   0x08000aa2   0x0000000a   Code   RO         3976    i.ADC_DMAHalfConvCplt  stm32f4xx_hal_adc.o
    0x08000aac   0x08000aac   0x00000010   Code   RO         1694    i.ADC_IRQHandler    stm32f4xx_it.o
    0x08000abc   0x08000abc   0x00000180   Code   RO         3977    i.ADC_Init          stm32f4xx_hal_adc.o
    0x08000c3c   0x08000c3c   0x00000094   Code   RO          669    i.All_Off           main_module.o
    0x08000cd0   0x08000cd0   0x00000068   Code   RO          850    i.AshCleanCallback  main.o
    0x08000d38   0x08000d38   0x00000020   Code   RO          851    i.AshRemoveCallback  main.o
    0x08000d58   0x08000d58   0x0000001c   Code   RO          852    i.AutoCleanCallback  main.o
    0x08000d74   0x08000d74   0x00000020   Code   RO          853    i.Aux1Callback      main.o
    0x08000d94   0x08000d94   0x00000014   Code   RO           13    i.B2D               stm32_ds3231.o
    0x08000da8   0x08000da8   0x0000001c   Code   RO          854    i.BurnerAugerCallback  main.o
    0x08000dc4   0x08000dc4   0x0000000c   Code   RO          855    i.BurnerFanCallback  main.o
    0x08000dd0   0x08000dd0   0x00000004   Code   RO         1695    i.BusFault_Handler  stm32f4xx_it.o
    0x08000dd4   0x08000dd4   0x0000006c   Code   RO         9401    i.CRC_Lock          libPDMFilter_CM4_Keil_wc16.lib(stm32_crc_lock.o)
    0x08000e40   0x08000e40   0x00000002   Code   RO          856    i.CallbackDebounceTimer  main.o
    0x08000e42   0x08000e42   0x00000002   PAD
    0x08000e44   0x08000e44   0x00000618   Code   RO          857    i.CallbackDisplayDateTimeTimer  main.o
    0x0800145c   0x0800145c   0x00000020   Code   RO          858    i.CirclePumpCallback  main.o
    0x0800147c   0x0800147c   0x00000068   Code   RO          859    i.CleanTimerCallback  main.o
    0x080014e4   0x080014e4   0x00000052   Code   RO          227    i.ConvertNumberToPin  user_tasks.o
    0x08001536   0x08001536   0x00000002   PAD
    0x08001538   0x08001538   0x00000048   Code   RO          228    i.ConvertNumberToPort  user_tasks.o
    0x08001580   0x08001580   0x00000072   Code   RO          229    i.ConvertPinToNumber  user_tasks.o
    0x080015f2   0x080015f2   0x00000002   PAD
    0x080015f4   0x080015f4   0x000003a4   Code   RO         9361    i.D128_1CH_HTONS_VOL_HP  libPDMFilter_CM4_Keil_wc16.lib(pdm_filter.o)
    0x08001998   0x08001998   0x00000464   Code   RO         9362    i.D128_GENERIC      libPDMFilter_CM4_Keil_wc16.lib(pdm_filter.o)
    0x08001dfc   0x08001dfc   0x000000e4   Code   RO         9363    i.D16_1CH_HTONS_VOL_HP  libPDMFilter_CM4_Keil_wc16.lib(pdm_filter.o)
    0x08001ee0   0x08001ee0   0x00000110   Code   RO         9364    i.D16_GENERIC       libPDMFilter_CM4_Keil_wc16.lib(pdm_filter.o)
    0x08001ff0   0x08001ff0   0x00000144   Code   RO         9365    i.D24_1CH_HTONS_VOL_HP  libPDMFilter_CM4_Keil_wc16.lib(pdm_filter.o)
    0x08002134   0x08002134   0x00000184   Code   RO         9366    i.D24_GENERIC       libPDMFilter_CM4_Keil_wc16.lib(pdm_filter.o)
    0x080022b8   0x080022b8   0x0000014c   Code   RO         9367    i.D32_1CH_HTONS_VOL_HP  libPDMFilter_CM4_Keil_wc16.lib(pdm_filter.o)
    0x08002404   0x08002404   0x00000188   Code   RO         9368    i.D32_GENERIC       libPDMFilter_CM4_Keil_wc16.lib(pdm_filter.o)
    0x0800258c   0x0800258c   0x000001c8   Code   RO         9369    i.D48_1CH_HTONS_VOL_HP  libPDMFilter_CM4_Keil_wc16.lib(pdm_filter.o)
    0x08002754   0x08002754   0x0000021c   Code   RO         9370    i.D48_GENERIC       libPDMFilter_CM4_Keil_wc16.lib(pdm_filter.o)
    0x08002970   0x08002970   0x00000224   Code   RO         9371    i.D64_1CH_HTONS_VOL_HP  libPDMFilter_CM4_Keil_wc16.lib(pdm_filter.o)
    0x08002b94   0x08002b94   0x00000254   Code   RO         9372    i.D64_GENERIC       libPDMFilter_CM4_Keil_wc16.lib(pdm_filter.o)
    0x08002de8   0x08002de8   0x00000298   Code   RO         9373    i.D80_1CH_HTONS_VOL_HP  libPDMFilter_CM4_Keil_wc16.lib(pdm_filter.o)
    0x08003080   0x08003080   0x00000320   Code   RO         9374    i.D80_GENERIC       libPDMFilter_CM4_Keil_wc16.lib(pdm_filter.o)
    0x080033a0   0x080033a0   0x00000010   Code   RO         1696    i.DMA1_Stream0_IRQHandler  stm32f4xx_it.o
    0x080033b0   0x080033b0   0x00000010   Code   RO         1697    i.DMA1_Stream6_IRQHandler  stm32f4xx_it.o
    0x080033c0   0x080033c0   0x00000010   Code   RO         1698    i.DMA2_Stream0_IRQHandler  stm32f4xx_it.o
    0x080033d0   0x080033d0   0x00000034   Code   RO         3309    i.DMA_CalcBaseAndBitshift  stm32f4xx_hal_dma.o
    0x08003404   0x08003404   0x0000007e   Code   RO         3310    i.DMA_CheckFifoParam  stm32f4xx_hal_dma.o
    0x08003482   0x08003482   0x00000038   Code   RO         3311    i.DMA_SetConfig     stm32f4xx_hal_dma.o
    0x080034ba   0x080034ba   0x00000002   PAD
    0x080034bc   0x080034bc   0x000000a4   Code   RO           16    i.DS3231_GetTime    stm32_ds3231.o
    0x08003560   0x08003560   0x0000000c   Code   RO           17    i.DS3231_Init       stm32_ds3231.o
    0x0800356c   0x0800356c   0x00000042   Code   RO         8773    i.DeInitStateMachine  usbh_core.o
    0x080035ae   0x080035ae   0x00000002   Code   RO         1699    i.DebugMon_Handler  stm32f4xx_it.o
    0x080035b0   0x080035b0   0x0000000a   Code   RO         1700    i.EXTI0_IRQHandler  stm32f4xx_it.o
    0x080035ba   0x080035ba   0x0000000a   Code   RO         1701    i.EXTI2_IRQHandler  stm32f4xx_it.o
    0x080035c4   0x080035c4   0x00000002   Code   RO          860    i.Error_Handler     main.o
    0x080035c6   0x080035c6   0x00000006   Code   RO         7203    i.FATFS_LinkDriver  ff_gen_drv.o
    0x080035cc   0x080035cc   0x00000044   Code   RO         7204    i.FATFS_LinkDriverEx  ff_gen_drv.o
    0x08003610   0x08003610   0x000000d8   Code   RO          597    i.FreeRTOS_CLIProcessCommand  freertos_cli.o
    0x080036e8   0x080036e8   0x00000002   Code   RO         4148    i.HAL_ADCEx_InjectedConvCpltCallback  stm32f4xx_hal_adc_ex.o
    0x080036ea   0x080036ea   0x00000002   PAD
    0x080036ec   0x080036ec   0x000001f4   Code   RO         3979    i.HAL_ADC_ConfigChannel  stm32f4xx_hal_adc.o
    0x080038e0   0x080038e0   0x00000002   Code   RO          861    i.HAL_ADC_ConvCpltCallback  main.o
    0x080038e2   0x080038e2   0x00000002   Code   RO         3981    i.HAL_ADC_ConvHalfCpltCallback  stm32f4xx_hal_adc.o
    0x080038e4   0x080038e4   0x00000002   Code   RO         3983    i.HAL_ADC_ErrorCallback  stm32f4xx_hal_adc.o
    0x080038e6   0x080038e6   0x00000002   PAD
    0x080038e8   0x080038e8   0x000001c0   Code   RO         3987    i.HAL_ADC_IRQHandler  stm32f4xx_hal_adc.o
    0x08003aa8   0x08003aa8   0x0000021c   Code   RO         3988    i.HAL_ADC_Init      stm32f4xx_hal_adc.o
    0x08003cc4   0x08003cc4   0x00000002   Code   RO         3989    i.HAL_ADC_LevelOutOfWindowCallback  stm32f4xx_hal_adc.o
    0x08003cc6   0x08003cc6   0x00000002   PAD
    0x08003cc8   0x08003cc8   0x00000150   Code   RO         1867    i.HAL_ADC_MspInit   stm32f4xx_hal_msp.o
    0x08003e18   0x08003e18   0x000001c8   Code   RO         3995    i.HAL_ADC_Start_DMA  stm32f4xx_hal_adc.o
    0x08003fe0   0x08003fe0   0x00000074   Code   RO         4253    i.HAL_CRC_Init      stm32f4xx_hal_crc.o
    0x08004054   0x08004054   0x00000034   Code   RO         1869    i.HAL_CRC_MspInit   stm32f4xx_hal_msp.o
    0x08004088   0x08004088   0x00000024   Code   RO         3313    i.HAL_DMA_Abort_IT  stm32f4xx_hal_dma.o
    0x080040ac   0x080040ac   0x00000006   Code   RO         3316    i.HAL_DMA_GetState  stm32f4xx_hal_dma.o
    0x080040b2   0x080040b2   0x00000002   PAD
    0x080040b4   0x080040b4   0x000001ec   Code   RO         3317    i.HAL_DMA_IRQHandler  stm32f4xx_hal_dma.o
    0x080042a0   0x080042a0   0x0000030c   Code   RO         3318    i.HAL_DMA_Init      stm32f4xx_hal_dma.o
    0x080045ac   0x080045ac   0x000000d4   Code   RO         3322    i.HAL_DMA_Start_IT  stm32f4xx_hal_dma.o
    0x08004680   0x08004680   0x00000028   Code   RO         3726    i.HAL_Delay         stm32f4xx_hal.o
    0x080046a8   0x080046a8   0x0000000e   Code   RO          862    i.HAL_GPIO_EXTI_Callback  main.o
    0x080046b6   0x080046b6   0x00000002   PAD
    0x080046b8   0x080046b8   0x00000018   Code   RO         3204    i.HAL_GPIO_EXTI_IRQHandler  stm32f4xx_hal_gpio.o
    0x080046d0   0x080046d0   0x00000344   Code   RO         3205    i.HAL_GPIO_Init     stm32f4xx_hal_gpio.o
    0x08004a14   0x08004a14   0x00000060   Code   RO         3207    i.HAL_GPIO_ReadPin  stm32f4xx_hal_gpio.o
    0x08004a74   0x08004a74   0x00000070   Code   RO         3209    i.HAL_GPIO_WritePin  stm32f4xx_hal_gpio.o
    0x08004ae4   0x08004ae4   0x0000000c   Code   RO         3732    i.HAL_GetTick       stm32f4xx_hal.o
    0x08004af0   0x08004af0   0x0000000e   Code   RO         1493    i.HAL_HCD_Connect_Callback  usbh_conf.o
    0x08004afe   0x08004afe   0x0000000e   Code   RO         1494    i.HAL_HCD_Disconnect_Callback  usbh_conf.o
    0x08004b0c   0x08004b0c   0x00000006   Code   RO         2326    i.HAL_HCD_GetCurrentFrame  stm32f4xx_hal_hcd.o
    0x08004b12   0x08004b12   0x00000006   Code   RO         2327    i.HAL_HCD_GetCurrentSpeed  stm32f4xx_hal_hcd.o
    0x08004b18   0x08004b18   0x0000000e   Code   RO         2330    i.HAL_HCD_HC_GetURBState  stm32f4xx_hal_hcd.o
    0x08004b26   0x08004b26   0x0000000c   Code   RO         2331    i.HAL_HCD_HC_GetXferCount  stm32f4xx_hal_hcd.o
    0x08004b32   0x08004b32   0x00000024   Code   RO         2332    i.HAL_HCD_HC_Halt   stm32f4xx_hal_hcd.o
    0x08004b56   0x08004b56   0x00000078   Code   RO         2333    i.HAL_HCD_HC_Init   stm32f4xx_hal_hcd.o
    0x08004bce   0x08004bce   0x00000012   Code   RO         1495    i.HAL_HCD_HC_NotifyURBChange_Callback  usbh_conf.o
    0x08004be0   0x08004be0   0x000000d8   Code   RO         2335    i.HAL_HCD_HC_SubmitRequest  stm32f4xx_hal_hcd.o
    0x08004cb8   0x08004cb8   0x0000014a   Code   RO         2336    i.HAL_HCD_IRQHandler  stm32f4xx_hal_hcd.o
    0x08004e02   0x08004e02   0x00000002   PAD
    0x08004e04   0x08004e04   0x00000104   Code   RO         2337    i.HAL_HCD_Init      stm32f4xx_hal_hcd.o
    0x08004f08   0x08004f08   0x00000128   Code   RO         1497    i.HAL_HCD_MspInit   usbh_conf.o
    0x08005030   0x08005030   0x0000000e   Code   RO         1498    i.HAL_HCD_PortDisabled_Callback  usbh_conf.o
    0x0800503e   0x0800503e   0x0000000e   Code   RO         1499    i.HAL_HCD_PortEnabled_Callback  usbh_conf.o
    0x0800504c   0x0800504c   0x00000006   Code   RO         2342    i.HAL_HCD_ResetPort  stm32f4xx_hal_hcd.o
    0x08005052   0x08005052   0x0000000e   Code   RO         1500    i.HAL_HCD_SOF_Callback  usbh_conf.o
    0x08005060   0x08005060   0x0000002c   Code   RO         2344    i.HAL_HCD_Start     stm32f4xx_hal_hcd.o
    0x0800508c   0x0800508c   0x00000024   Code   RO         2345    i.HAL_HCD_Stop      stm32f4xx_hal_hcd.o
    0x080050b0   0x080050b0   0x00000002   Code   RO         4309    i.HAL_I2C_AbortCpltCallback  stm32f4xx_hal_i2c.o
    0x080050b2   0x080050b2   0x00000002   Code   RO         4310    i.HAL_I2C_AddrCallback  stm32f4xx_hal_i2c.o
    0x080050b4   0x080050b4   0x000000c0   Code   RO         4313    i.HAL_I2C_ER_IRQHandler  stm32f4xx_hal_i2c.o
    0x08005174   0x08005174   0x000001ba   Code   RO         4314    i.HAL_I2C_EV_IRQHandler  stm32f4xx_hal_i2c.o
    0x0800532e   0x0800532e   0x00000002   Code   RO         4316    i.HAL_I2C_ErrorCallback  stm32f4xx_hal_i2c.o
    0x08005330   0x08005330   0x00000298   Code   RO         4320    i.HAL_I2C_Init      stm32f4xx_hal_i2c.o
    0x080055c8   0x080055c8   0x00000178   Code   RO         4321    i.HAL_I2C_IsDeviceReady  stm32f4xx_hal_i2c.o
    0x08005740   0x08005740   0x00000002   Code   RO         4322    i.HAL_I2C_ListenCpltCallback  stm32f4xx_hal_i2c.o
    0x08005742   0x08005742   0x00000002   Code   RO         4323    i.HAL_I2C_MasterRxCpltCallback  stm32f4xx_hal_i2c.o
    0x08005744   0x08005744   0x00000002   Code   RO         4324    i.HAL_I2C_MasterTxCpltCallback  stm32f4xx_hal_i2c.o
    0x08005746   0x08005746   0x00000002   PAD
    0x08005748   0x08005748   0x000002a8   Code   RO         4326    i.HAL_I2C_Master_Receive  stm32f4xx_hal_i2c.o
    0x080059f0   0x080059f0   0x00000160   Code   RO         4333    i.HAL_I2C_Master_Transmit  stm32f4xx_hal_i2c.o
    0x08005b50   0x08005b50   0x00000002   Code   RO         4336    i.HAL_I2C_MemRxCpltCallback  stm32f4xx_hal_i2c.o
    0x08005b52   0x08005b52   0x00000002   Code   RO         4337    i.HAL_I2C_MemTxCpltCallback  stm32f4xx_hal_i2c.o
    0x08005b54   0x08005b54   0x00000310   Code   RO         4338    i.HAL_I2C_Mem_Read  stm32f4xx_hal_i2c.o
    0x08005e64   0x08005e64   0x000001c0   Code   RO         4341    i.HAL_I2C_Mem_Write  stm32f4xx_hal_i2c.o
    0x08006024   0x08006024   0x000001e0   Code   RO         1871    i.HAL_I2C_MspInit   stm32f4xx_hal_msp.o
    0x08006204   0x08006204   0x00000002   Code   RO         4346    i.HAL_I2C_SlaveRxCpltCallback  stm32f4xx_hal_i2c.o
    0x08006206   0x08006206   0x00000002   Code   RO         4347    i.HAL_I2C_SlaveTxCpltCallback  stm32f4xx_hal_i2c.o
    0x08006208   0x08006208   0x000000dc   Code   RO         4789    i.HAL_IWDG_Init     stm32f4xx_hal_iwdg.o
    0x080062e4   0x080062e4   0x0000000c   Code   RO         4790    i.HAL_IWDG_Refresh  stm32f4xx_hal_iwdg.o
    0x080062f0   0x080062f0   0x00000010   Code   RO         3738    i.HAL_IncTick       stm32f4xx_hal.o
    0x08006300   0x08006300   0x00000034   Code   RO         3739    i.HAL_Init          stm32f4xx_hal.o
    0x08006334   0x08006334   0x0000008c   Code   RO         1981    i.HAL_InitTick      stm32f4xx_hal_timebase_tim.o
    0x080063c0   0x080063c0   0x00000054   Code   RO         1872    i.HAL_MspInit       stm32f4xx_hal_msp.o
    0x08006414   0x08006414   0x00000068   Code   RO         3594    i.HAL_NVIC_EnableIRQ  stm32f4xx_hal_cortex.o
    0x0800647c   0x0800647c   0x000000b8   Code   RO         3600    i.HAL_NVIC_SetPriority  stm32f4xx_hal_cortex.o
    0x08006534   0x08006534   0x00000080   Code   RO         3601    i.HAL_NVIC_SetPriorityGrouping  stm32f4xx_hal_cortex.o
    0x080065b4   0x080065b4   0x0000033c   Code   RO         2911    i.HAL_RCCEx_PeriphCLKConfig  stm32f4xx_hal_rcc_ex.o
    0x080068f0   0x080068f0   0x0000027c   Code   RO         2806    i.HAL_RCC_ClockConfig  stm32f4xx_hal_rcc.o
    0x08006b6c   0x08006b6c   0x0000003c   Code   RO         2810    i.HAL_RCC_GetClockConfig  stm32f4xx_hal_rcc.o
    0x08006ba8   0x08006ba8   0x0000000c   Code   RO         2811    i.HAL_RCC_GetHCLKFreq  stm32f4xx_hal_rcc.o
    0x08006bb4   0x08006bb4   0x00000020   Code   RO         2813    i.HAL_RCC_GetPCLK1Freq  stm32f4xx_hal_rcc.o
    0x08006bd4   0x08006bd4   0x00000020   Code   RO         2814    i.HAL_RCC_GetPCLK2Freq  stm32f4xx_hal_rcc.o
    0x08006bf4   0x08006bf4   0x0000006c   Code   RO         2815    i.HAL_RCC_GetSysClockFreq  stm32f4xx_hal_rcc.o
    0x08006c60   0x08006c60   0x00000574   Code   RO         2818    i.HAL_RCC_OscConfig  stm32f4xx_hal_rcc.o
    0x080071d4   0x080071d4   0x00000164   Code   RO         4827    i.HAL_RTC_Init      stm32f4xx_hal_rtc.o
    0x08007338   0x08007338   0x00000018   Code   RO         1874    i.HAL_RTC_MspInit   stm32f4xx_hal_msp.o
    0x08007350   0x08007350   0x000001dc   Code   RO         4833    i.HAL_RTC_SetDate   stm32f4xx_hal_rtc.o
    0x0800752c   0x0800752c   0x0000024c   Code   RO         4834    i.HAL_RTC_SetTime   stm32f4xx_hal_rtc.o
    0x08007778   0x08007778   0x0000003c   Code   RO         4835    i.HAL_RTC_WaitForSynchro  stm32f4xx_hal_rtc.o
    0x080077b4   0x080077b4   0x00000002   Code   RO         5192    i.HAL_SPI_ErrorCallback  stm32f4xx_hal_spi.o
    0x080077b6   0x080077b6   0x00000002   PAD
    0x080077b8   0x080077b8   0x00000118   Code   RO         5195    i.HAL_SPI_IRQHandler  stm32f4xx_hal_spi.o
    0x080078d0   0x080078d0   0x000001b8   Code   RO         5196    i.HAL_SPI_Init      stm32f4xx_hal_spi.o
    0x08007a88   0x08007a88   0x00000094   Code   RO         1876    i.HAL_SPI_MspInit   stm32f4xx_hal_msp.o
    0x08007b1c   0x08007b1c   0x00000002   Code   RO         6195    i.HAL_TIMEx_BreakCallback  stm32f4xx_hal_tim_ex.o
    0x08007b1e   0x08007b1e   0x00000002   Code   RO         6196    i.HAL_TIMEx_CommutCallback  stm32f4xx_hal_tim_ex.o
    0x08007b20   0x08007b20   0x00000120   Code   RO         6213    i.HAL_TIMEx_MasterConfigSynchronization  stm32f4xx_hal_tim_ex.o
    0x08007c40   0x08007c40   0x00000150   Code   RO         5509    i.HAL_TIM_Base_Init  stm32f4xx_hal_tim.o
    0x08007d90   0x08007d90   0x000000e4   Code   RO         1878    i.HAL_TIM_Base_MspInit  stm32f4xx_hal_msp.o
    0x08007e74   0x08007e74   0x000000f4   Code   RO         5514    i.HAL_TIM_Base_Start_IT  stm32f4xx_hal_tim.o
    0x08007f68   0x08007f68   0x00000454   Code   RO         5518    i.HAL_TIM_ConfigClockSource  stm32f4xx_hal_tim.o
    0x080083bc   0x080083bc   0x00000002   Code   RO         5538    i.HAL_TIM_IC_CaptureCallback  stm32f4xx_hal_tim.o
    0x080083be   0x080083be   0x00000174   Code   RO         5552    i.HAL_TIM_IRQHandler  stm32f4xx_hal_tim.o
    0x08008532   0x08008532   0x00000002   PAD
    0x08008534   0x08008534   0x00000064   Code   RO         1879    i.HAL_TIM_MspPostInit  stm32f4xx_hal_msp.o
    0x08008598   0x08008598   0x00000002   Code   RO         5555    i.HAL_TIM_OC_DelayElapsedCallback  stm32f4xx_hal_tim.o
    0x0800859a   0x0800859a   0x00000002   PAD
    0x0800859c   0x0800859c   0x00000278   Code   RO         5576    i.HAL_TIM_PWM_ConfigChannel  stm32f4xx_hal_tim.o
    0x08008814   0x08008814   0x00000150   Code   RO         5579    i.HAL_TIM_PWM_Init  stm32f4xx_hal_tim.o
    0x08008964   0x08008964   0x00000002   Code   RO         5581    i.HAL_TIM_PWM_MspInit  stm32f4xx_hal_tim.o
    0x08008966   0x08008966   0x00000002   Code   RO         5582    i.HAL_TIM_PWM_PulseFinishedCallback  stm32f4xx_hal_tim.o
    0x08008968   0x08008968   0x00000168   Code   RO         5584    i.HAL_TIM_PWM_Start  stm32f4xx_hal_tim.o
    0x08008ad0   0x08008ad0   0x00000018   Code   RO          863    i.HAL_TIM_PeriodElapsedCallback  main.o
    0x08008ae8   0x08008ae8   0x00000002   Code   RO         5595    i.HAL_TIM_TriggerCallback  stm32f4xx_hal_tim.o
    0x08008aea   0x08008aea   0x00000002   Code   RO         6467    i.HAL_UART_ErrorCallback  stm32f4xx_hal_uart.o
    0x08008aec   0x08008aec   0x00000138   Code   RO         6470    i.HAL_UART_IRQHandler  stm32f4xx_hal_uart.o
    0x08008c24   0x08008c24   0x00000158   Code   RO         6471    i.HAL_UART_Init     stm32f4xx_hal_uart.o
    0x08008d7c   0x08008d7c   0x00000340   Code   RO         1881    i.HAL_UART_MspInit  stm32f4xx_hal_msp.o
    0x080090bc   0x080090bc   0x00000056   Code   RO         6476    i.HAL_UART_Receive_IT  stm32f4xx_hal_uart.o
    0x08009112   0x08009112   0x00000002   PAD
    0x08009114   0x08009114   0x0000004c   Code   RO          864    i.HAL_UART_RxCpltCallback  main.o
    0x08009160   0x08009160   0x000000dc   Code   RO         6479    i.HAL_UART_Transmit  stm32f4xx_hal_uart.o
    0x0800923c   0x0800923c   0x00000002   Code   RO         6482    i.HAL_UART_TxCpltCallback  stm32f4xx_hal_uart.o
    0x0800923e   0x0800923e   0x00000276   Code   RO         2346    i.HCD_HC_IN_IRQHandler  stm32f4xx_hal_hcd.o
    0x080094b4   0x080094b4   0x00000270   Code   RO         2347    i.HCD_HC_OUT_IRQHandler  stm32f4xx_hal_hcd.o
    0x08009724   0x08009724   0x000000d4   Code   RO         2348    i.HCD_Port_IRQHandler  stm32f4xx_hal_hcd.o
    0x080097f8   0x080097f8   0x00000074   Code   RO         2349    i.HCD_RXQLVL_IRQHandler  stm32f4xx_hal_hcd.o
    0x0800986c   0x0800986c   0x00000004   Code   RO         1702    i.HardFault_Handler  stm32f4xx_it.o
    0x08009870   0x08009870   0x0000001c   Code   RO          865    i.HopperAugerCallback  main.o
    0x0800988c   0x0800988c   0x00000020   Code   RO          866    i.HotWaterPumpCallback  main.o
    0x080098ac   0x080098ac   0x00000010   Code   RO         1703    i.I2C1_ER_IRQHandler  stm32f4xx_it.o
    0x080098bc   0x080098bc   0x00000010   Code   RO         1704    i.I2C1_EV_IRQHandler  stm32f4xx_it.o
    0x080098cc   0x080098cc   0x00000010   Code   RO         1705    i.I2C2_ER_IRQHandler  stm32f4xx_it.o
    0x080098dc   0x080098dc   0x00000010   Code   RO         1706    i.I2C2_EV_IRQHandler  stm32f4xx_it.o
    0x080098ec   0x080098ec   0x0000001c   Code   RO         4358    i.I2C_ConvertOtherXferOptions  stm32f4xx_hal_i2c.o
    0x08009908   0x08009908   0x00000088   Code   RO         4359    i.I2C_DMAAbort      stm32f4xx_hal_i2c.o
    0x08009990   0x08009990   0x00000150   Code   RO         4362    i.I2C_ITError       stm32f4xx_hal_i2c.o
    0x08009ae0   0x08009ae0   0x00000032   Code   RO         4363    i.I2C_IsAcknowledgeFailed  stm32f4xx_hal_i2c.o
    0x08009b12   0x08009b12   0x00000100   Code   RO         4364    i.I2C_MasterReceive_BTF  stm32f4xx_hal_i2c.o
    0x08009c12   0x08009c12   0x00000096   Code   RO         4365    i.I2C_MasterReceive_RXNE  stm32f4xx_hal_i2c.o
    0x08009ca8   0x08009ca8   0x00000104   Code   RO         4366    i.I2C_MasterRequestRead  stm32f4xx_hal_i2c.o
    0x08009dac   0x08009dac   0x000000a4   Code   RO         4367    i.I2C_MasterRequestWrite  stm32f4xx_hal_i2c.o
    0x08009e50   0x08009e50   0x00000096   Code   RO         4368    i.I2C_MasterTransmit_BTF  stm32f4xx_hal_i2c.o
    0x08009ee6   0x08009ee6   0x00000136   Code   RO         4369    i.I2C_MasterTransmit_TXE  stm32f4xx_hal_i2c.o
    0x0800a01c   0x0800a01c   0x0000002c   Code   RO         4370    i.I2C_Master_ADD10  stm32f4xx_hal_i2c.o
    0x0800a048   0x0800a048   0x000001d2   Code   RO         4371    i.I2C_Master_ADDR   stm32f4xx_hal_i2c.o
    0x0800a21a   0x0800a21a   0x000000a2   Code   RO         4372    i.I2C_Master_SB     stm32f4xx_hal_i2c.o
    0x0800a2bc   0x0800a2bc   0x00000134   Code   RO         4373    i.I2C_RequestMemoryRead  stm32f4xx_hal_i2c.o
    0x0800a3f0   0x0800a3f0   0x000000c0   Code   RO         4374    i.I2C_RequestMemoryWrite  stm32f4xx_hal_i2c.o
    0x0800a4b0   0x0800a4b0   0x0000001c   Code   RO         4375    i.I2C_SlaveReceive_BTF  stm32f4xx_hal_i2c.o
    0x0800a4cc   0x0800a4cc   0x00000044   Code   RO         4376    i.I2C_SlaveReceive_RXNE  stm32f4xx_hal_i2c.o
    0x0800a510   0x0800a510   0x0000001c   Code   RO         4377    i.I2C_SlaveTransmit_BTF  stm32f4xx_hal_i2c.o
    0x0800a52c   0x0800a52c   0x00000044   Code   RO         4378    i.I2C_SlaveTransmit_TXE  stm32f4xx_hal_i2c.o
    0x0800a570   0x0800a570   0x0000004c   Code   RO         4379    i.I2C_Slave_ADDR    stm32f4xx_hal_i2c.o
    0x0800a5bc   0x0800a5bc   0x00000084   Code   RO         4380    i.I2C_Slave_AF      stm32f4xx_hal_i2c.o
    0x0800a640   0x0800a640   0x00000160   Code   RO         4381    i.I2C_Slave_STOPF   stm32f4xx_hal_i2c.o
    0x0800a7a0   0x0800a7a0   0x0000005c   Code   RO         4382    i.I2C_WaitOnBTFFlagUntilTimeout  stm32f4xx_hal_i2c.o
    0x0800a7fc   0x0800a7fc   0x000000b4   Code   RO         4383    i.I2C_WaitOnFlagUntilTimeout  stm32f4xx_hal_i2c.o
    0x0800a8b0   0x0800a8b0   0x000000ce   Code   RO         4384    i.I2C_WaitOnMasterAddressFlagUntilTimeout  stm32f4xx_hal_i2c.o
    0x0800a97e   0x0800a97e   0x0000007c   Code   RO         4385    i.I2C_WaitOnRXNEFlagUntilTimeout  stm32f4xx_hal_i2c.o
    0x0800a9fa   0x0800a9fa   0x0000005c   Code   RO         4387    i.I2C_WaitOnTXEFlagUntilTimeout  stm32f4xx_hal_i2c.o
    0x0800aa56   0x0800aa56   0x00000002   PAD
    0x0800aa58   0x0800aa58   0x00000020   Code   RO          867    i.IgnitionCallback  main.o
    0x0800aa78   0x0800aa78   0x0000014c   Code   RO          868    i.MX_ADC1_Init      main.o
    0x0800abc4   0x0800abc4   0x00000030   Code   RO          869    i.MX_CRC_Init       main.o
    0x0800abf4   0x0800abf4   0x00000078   Code   RO          870    i.MX_DMA_Init       main.o
    0x0800ac6c   0x0800ac6c   0x00000020   Code   RO         1670    i.MX_DriverVbusFS   usbh_platform.o
    0x0800ac8c   0x0800ac8c   0x0000001c   Code   RO         1379    i.MX_FATFS_Init     fatfs.o
    0x0800aca8   0x0800aca8   0x00000218   Code   RO          871    i.MX_GPIO_Init      main.o
    0x0800aec0   0x0800aec0   0x0000003c   Code   RO          872    i.MX_I2C1_Init      main.o
    0x0800aefc   0x0800aefc   0x0000003c   Code   RO          873    i.MX_I2C2_Init      main.o
    0x0800af38   0x0800af38   0x00000028   Code   RO          874    i.MX_IWDG_Init      main.o
    0x0800af60   0x0800af60   0x00000040   Code   RO         1416    i.MX_PDM2PCM_Init   pdm2pcm.o
    0x0800afa0   0x0800afa0   0x00000090   Code   RO          875    i.MX_RTC_Init       main.o
    0x0800b030   0x0800b030   0x00000044   Code   RO          876    i.MX_SPI1_Init      main.o
    0x0800b074   0x0800b074   0x0000004c   Code   RO          877    i.MX_TIM12_Init     main.o
    0x0800b0c0   0x0800b0c0   0x000000d8   Code   RO          878    i.MX_TIM4_Init      main.o
    0x0800b198   0x0800b198   0x0000004c   Code   RO          879    i.MX_TIM6_Init      main.o
    0x0800b1e4   0x0800b1e4   0x00000054   Code   RO          880    i.MX_TIM9_Init      main.o
    0x0800b238   0x0800b238   0x00000038   Code   RO          881    i.MX_UART4_Init     main.o
    0x0800b270   0x0800b270   0x00000038   Code   RO          882    i.MX_UART5_Init     main.o
    0x0800b2a8   0x0800b2a8   0x00000038   Code   RO          883    i.MX_USART1_UART_Init  main.o
    0x0800b2e0   0x0800b2e0   0x00000038   Code   RO          884    i.MX_USART2_UART_Init  main.o
    0x0800b318   0x0800b318   0x00000038   Code   RO          885    i.MX_USART3_UART_Init  main.o
    0x0800b350   0x0800b350   0x00000038   Code   RO          886    i.MX_USART6_UART_Init  main.o
    0x0800b388   0x0800b388   0x0000003c   Code   RO         1453    i.MX_USB_HOST_Init  usb_host.o
    0x0800b3c4   0x0800b3c4   0x00000038   Code   RO          887    i.MX_USB_OTG_HS_HCD_Init  main.o
    0x0800b3fc   0x0800b3fc   0x00000004   Code   RO         1707    i.MemManage_Handler  stm32f4xx_it.o
    0x0800b400   0x0800b400   0x00000002   Code   RO         1708    i.NMI_Handler       stm32f4xx_it.o
    0x0800b402   0x0800b402   0x00000002   PAD
    0x0800b404   0x0800b404   0x00000010   Code   RO         1709    i.OTG_FS_IRQHandler  stm32f4xx_it.o
    0x0800b414   0x0800b414   0x0000012c   Code   RO         9376    i.PDM_Filter_Init   libPDMFilter_CM4_Keil_wc16.lib(pdm_filter.o)
    0x0800b540   0x0800b540   0x00000210   Code   RO         9378    i.PDM_Filter_setConfig  libPDMFilter_CM4_Keil_wc16.lib(pdm_filter.o)
    0x0800b750   0x0800b750   0x00000960   Code   RO          230    i.ParseCommandForDisplay  user_tasks.o
    0x0800c0b0   0x0800c0b0   0x00000002   Code   RO         1249    i.PostSleepProcessing  freertos.o
    0x0800c0b2   0x0800c0b2   0x00000002   Code   RO         1250    i.PreSleepProcessing  freertos.o
    0x0800c0b4   0x0800c0b4   0x00000012   Code   RO         4836    i.RTC_Bcd2ToByte    stm32f4xx_hal_rtc.o
    0x0800c0c6   0x0800c0c6   0x00000018   Code   RO         4837    i.RTC_ByteToBcd2    stm32f4xx_hal_rtc.o
    0x0800c0de   0x0800c0de   0x00000042   Code   RO         4838    i.RTC_EnterInitMode  stm32f4xx_hal_rtc.o
    0x0800c120   0x0800c120   0x00000088   Code   RO          888    i.RTC_From_DS3231_Init  main.o
    0x0800c1a8   0x0800c1a8   0x00000010   Code   RO         1710    i.SPI1_IRQHandler   stm32f4xx_it.o
    0x0800c1b8   0x0800c1b8   0x00000010   Code   RO         5223    i.SPI_DMAAbortOnError  stm32f4xx_hal_spi.o
    0x0800c1c8   0x0800c1c8   0x0000000c   Code   RO          889    i.SecondaryAirFanCallback  main.o
    0x0800c1d4   0x0800c1d4   0x00000024   Code   RO          890    i.StartDefaultTask  main.o
    0x0800c1f8   0x0800c1f8   0x0000000c   Code   RO          891    i.SuctionFanCallback  main.o
    0x0800c204   0x0800c204   0x0000002c   Code   RO         8688    i.SysTick_Handler   port.o
    0x0800c230   0x0800c230   0x000000dc   Code   RO          892    i.SystemClock_Config  main.o
    0x0800c30c   0x0800c30c   0x00000064   Code   RO         2021    i.SystemInit        system_stm32f4xx.o
    0x0800c370   0x0800c370   0x00000010   Code   RO         1711    i.TIM4_IRQHandler   stm32f4xx_it.o
    0x0800c380   0x0800c380   0x00000010   Code   RO         1712    i.TIM6_DAC_IRQHandler  stm32f4xx_it.o
    0x0800c390   0x0800c390   0x00000010   Code   RO         1713    i.TIM7_IRQHandler   stm32f4xx_it.o
    0x0800c3a0   0x0800c3a0   0x000000cc   Code   RO         5597    i.TIM_Base_SetConfig  stm32f4xx_hal_tim.o
    0x0800c46c   0x0800c46c   0x000000f8   Code   RO         5598    i.TIM_CCxChannelCmd  stm32f4xx_hal_tim.o
    0x0800c564   0x0800c564   0x00000016   Code   RO         5608    i.TIM_ETR_SetConfig  stm32f4xx_hal_tim.o
    0x0800c57a   0x0800c57a   0x00000010   Code   RO         5609    i.TIM_ITRx_SetConfig  stm32f4xx_hal_tim.o
    0x0800c58a   0x0800c58a   0x00000002   PAD
    0x0800c58c   0x0800c58c   0x000000f0   Code   RO         5610    i.TIM_OC1_SetConfig  stm32f4xx_hal_tim.o
    0x0800c67c   0x0800c67c   0x000000f4   Code   RO         5611    i.TIM_OC2_SetConfig  stm32f4xx_hal_tim.o
    0x0800c770   0x0800c770   0x000000f4   Code   RO         5612    i.TIM_OC3_SetConfig  stm32f4xx_hal_tim.o
    0x0800c864   0x0800c864   0x000000a8   Code   RO         5613    i.TIM_OC4_SetConfig  stm32f4xx_hal_tim.o
    0x0800c90c   0x0800c90c   0x00000026   Code   RO         5615    i.TIM_TI1_ConfigInputStage  stm32f4xx_hal_tim.o
    0x0800c932   0x0800c932   0x00000024   Code   RO         5617    i.TIM_TI2_ConfigInputStage  stm32f4xx_hal_tim.o
    0x0800c956   0x0800c956   0x00000010   Code   RO         6484    i.UART_DMAAbortOnError  stm32f4xx_hal_uart.o
    0x0800c966   0x0800c966   0x0000001c   Code   RO         6494    i.UART_EndRxTransfer  stm32f4xx_hal_uart.o
    0x0800c982   0x0800c982   0x0000001a   Code   RO         6495    i.UART_EndTransmit_IT  stm32f4xx_hal_uart.o
    0x0800c99c   0x0800c99c   0x0000009c   Code   RO         6497    i.UART_Receive_IT   stm32f4xx_hal_uart.o
    0x0800ca38   0x0800ca38   0x000003d4   Code   RO         6498    i.UART_SetConfig    stm32f4xx_hal_uart.o
    0x0800ce0c   0x0800ce0c   0x00000066   Code   RO         6499    i.UART_Transmit_IT  stm32f4xx_hal_uart.o
    0x0800ce72   0x0800ce72   0x00000078   Code   RO         6500    i.UART_WaitOnFlagUntilTimeout  stm32f4xx_hal_uart.o
    0x0800ceea   0x0800ceea   0x00000002   PAD
    0x0800ceec   0x0800ceec   0x00000010   Code   RO         1714    i.USART1_IRQHandler  stm32f4xx_it.o
    0x0800cefc   0x0800cefc   0x00000010   Code   RO         1715    i.USART2_IRQHandler  stm32f4xx_it.o
    0x0800cf0c   0x0800cf0c   0x00000010   Code   RO         1716    i.USART3_IRQHandler  stm32f4xx_it.o
    0x0800cf1c   0x0800cf1c   0x00000010   Code   RO         1717    i.USART6_IRQHandler  stm32f4xx_it.o
    0x0800cf2c   0x0800cf2c   0x00000024   Code   RO         9113    i.USBH_AllocPipe    usbh_pipes.o
    0x0800cf50   0x0800cf50   0x00000026   Code   RO         9041    i.USBH_BulkReceiveData  usbh_ioreq.o
    0x0800cf76   0x0800cf76   0x00000030   Code   RO         9042    i.USBH_BulkSendData  usbh_ioreq.o
    0x0800cfa6   0x0800cfa6   0x0000000a   Code   RO         9114    i.USBH_ClosePipe    usbh_pipes.o
    0x0800cfb0   0x0800cfb0   0x0000001e   Code   RO         8927    i.USBH_ClrFeature   usbh_ctlreq.o
    0x0800cfce   0x0800cfce   0x00000026   Code   RO         9043    i.USBH_CtlReceiveData  usbh_ioreq.o
    0x0800cff4   0x0800cff4   0x00000058   Code   RO         8928    i.USBH_CtlReq       usbh_ctlreq.o
    0x0800d04c   0x0800d04c   0x00000030   Code   RO         9044    i.USBH_CtlSendData  usbh_ioreq.o
    0x0800d07c   0x0800d07c   0x00000024   Code   RO         9045    i.USBH_CtlSendSetup  usbh_ioreq.o
    0x0800d0a0   0x0800d0a0   0x0000000c   Code   RO         1501    i.USBH_Delay        usbh_conf.o
    0x0800d0ac   0x0800d0ac   0x0000004c   Code   RO         8775    i.USBH_FindInterface  usbh_core.o
    0x0800d0f8   0x0800d0f8   0x00000018   Code   RO         9115    i.USBH_FreePipe     usbh_pipes.o
    0x0800d110   0x0800d110   0x00000040   Code   RO         8929    i.USBH_GetDescriptor  usbh_ctlreq.o
    0x0800d150   0x0800d150   0x00000020   Code   RO         9116    i.USBH_GetFreePipe  usbh_pipes.o
    0x0800d170   0x0800d170   0x0000000e   Code   RO         8930    i.USBH_GetNextDesc  usbh_ctlreq.o
    0x0800d17e   0x0800d17e   0x0000002e   Code   RO         8931    i.USBH_Get_CfgDesc  usbh_ctlreq.o
    0x0800d1ac   0x0800d1ac   0x0000002e   Code   RO         8932    i.USBH_Get_DevDesc  usbh_ctlreq.o
    0x0800d1da   0x0800d1da   0x0000002e   Code   RO         8933    i.USBH_Get_StringDesc  usbh_ctlreq.o
    0x0800d208   0x0800d208   0x0000002c   Code   RO         1502    i.USBH_Get_USB_Status  usbh_conf.o
    0x0800d234   0x0800d234   0x000002bc   Code   RO         8934    i.USBH_HandleControl  usbh_ctlreq.o
    0x0800d4f0   0x0800d4f0   0x0000018e   Code   RO         8778    i.USBH_HandleEnum   usbh_core.o
    0x0800d67e   0x0800d67e   0x00000014   Code   RO         8779    i.USBH_HandleSof    usbh_core.o
    0x0800d692   0x0800d692   0x00000002   PAD
    0x0800d694   0x0800d694   0x00000074   Code   RO         8780    i.USBH_Init         usbh_core.o
    0x0800d708   0x0800d708   0x00000006   Code   RO         8781    i.USBH_IsPortEnabled  usbh_core.o
    0x0800d70e   0x0800d70e   0x00000026   Code   RO         1503    i.USBH_LL_ClosePipe  usbh_conf.o
    0x0800d734   0x0800d734   0x00000040   Code   RO         8782    i.USBH_LL_Connect   usbh_core.o
    0x0800d774   0x0800d774   0x0000004a   Code   RO         8783    i.USBH_LL_Disconnect  usbh_core.o
    0x0800d7be   0x0800d7be   0x0000001e   Code   RO         1505    i.USBH_LL_DriverVBUS  usbh_conf.o
    0x0800d7dc   0x0800d7dc   0x00000012   Code   RO         1506    i.USBH_LL_GetLastXferSize  usbh_conf.o
    0x0800d7ee   0x0800d7ee   0x00000030   Code   RO         1507    i.USBH_LL_GetSpeed  usbh_conf.o
    0x0800d81e   0x0800d81e   0x0000003a   Code   RO         1508    i.USBH_LL_GetToggle  usbh_conf.o
    0x0800d858   0x0800d858   0x00000012   Code   RO         1509    i.USBH_LL_GetURBState  usbh_conf.o
    0x0800d86a   0x0800d86a   0x0000000e   Code   RO         8784    i.USBH_LL_IncTimer  usbh_core.o
    0x0800d878   0x0800d878   0x00000058   Code   RO         1510    i.USBH_LL_Init      usbh_conf.o
    0x0800d8d0   0x0800d8d0   0x00000016   Code   RO         8785    i.USBH_LL_NotifyURBChange  usbh_core.o
    0x0800d8e6   0x0800d8e6   0x00000040   Code   RO         1511    i.USBH_LL_OpenPipe  usbh_conf.o
    0x0800d926   0x0800d926   0x00000008   Code   RO         8786    i.USBH_LL_PortDisabled  usbh_core.o
    0x0800d92e   0x0800d92e   0x00000008   Code   RO         8787    i.USBH_LL_PortEnabled  usbh_core.o
    0x0800d936   0x0800d936   0x0000001e   Code   RO         1512    i.USBH_LL_ResetPort  usbh_conf.o
    0x0800d954   0x0800d954   0x00000006   Code   RO         8788    i.USBH_LL_SetTimer  usbh_core.o
    0x0800d95a   0x0800d95a   0x0000003a   Code   RO         1513    i.USBH_LL_SetToggle  usbh_conf.o
    0x0800d994   0x0800d994   0x0000001e   Code   RO         1514    i.USBH_LL_Start     usbh_conf.o
    0x0800d9b2   0x0800d9b2   0x0000001e   Code   RO         1515    i.USBH_LL_Stop      usbh_conf.o
    0x0800d9d0   0x0800d9d0   0x00000040   Code   RO         1516    i.USBH_LL_SubmitURB  usbh_conf.o
    0x0800da10   0x0800da10   0x00000024   Code   RO         9251    i.USBH_MSC_BOT_Abort  usbh_msc_bot.o
    0x0800da34   0x0800da34   0x00000024   Code   RO         9252    i.USBH_MSC_BOT_Init  usbh_msc_bot.o
    0x0800da58   0x0800da58   0x000002e8   Code   RO         9253    i.USBH_MSC_BOT_Process  usbh_msc_bot.o
    0x0800dd40   0x0800dd40   0x00000016   Code   RO         9254    i.USBH_MSC_BOT_REQ_GetMaxLUN  usbh_msc_bot.o
    0x0800dd56   0x0800dd56   0x00000018   Code   RO         9255    i.USBH_MSC_BOT_REQ_Reset  usbh_msc_bot.o
    0x0800dd6e   0x0800dd6e   0x0000007c   Code   RO         9160    i.USBH_MSC_ClassRequest  usbh_msc.o
    0x0800ddea   0x0800ddea   0x00000002   PAD
    0x0800ddec   0x0800ddec   0x0000004c   Code   RO         9256    i.USBH_MSC_DecodeCSW  usbh_msc_bot.o
    0x0800de38   0x0800de38   0x00000070   Code   RO         9161    i.USBH_MSC_GetLUNInfo  usbh_msc.o
    0x0800dea8   0x0800dea8   0x0000004c   Code   RO         9163    i.USBH_MSC_InterfaceDeInit  usbh_msc.o
    0x0800def4   0x0800def4   0x00000154   Code   RO         9164    i.USBH_MSC_InterfaceInit  usbh_msc.o
    0x0800e048   0x0800e048   0x0000036a   Code   RO         9166    i.USBH_MSC_Process  usbh_msc.o
    0x0800e3b2   0x0800e3b2   0x000000f2   Code   RO         9167    i.USBH_MSC_RdWrProcess  usbh_msc.o
    0x0800e4a4   0x0800e4a4   0x0000009a   Code   RO         9168    i.USBH_MSC_Read     usbh_msc.o
    0x0800e53e   0x0800e53e   0x000000e4   Code   RO         9307    i.USBH_MSC_SCSI_Inquiry  usbh_msc_scsi.o
    0x0800e622   0x0800e622   0x0000009c   Code   RO         9308    i.USBH_MSC_SCSI_Read  usbh_msc_scsi.o
    0x0800e6be   0x0800e6be   0x0000008c   Code   RO         9309    i.USBH_MSC_SCSI_ReadCapacity  usbh_msc_scsi.o
    0x0800e74a   0x0800e74a   0x00000098   Code   RO         9310    i.USBH_MSC_SCSI_RequestSense  usbh_msc_scsi.o
    0x0800e7e2   0x0800e7e2   0x0000004e   Code   RO         9311    i.USBH_MSC_SCSI_TestUnitReady  usbh_msc_scsi.o
    0x0800e830   0x0800e830   0x0000009a   Code   RO         9312    i.USBH_MSC_SCSI_Write  usbh_msc_scsi.o
    0x0800e8ca   0x0800e8ca   0x00000004   Code   RO         9169    i.USBH_MSC_SOFProcess  usbh_msc.o
    0x0800e8ce   0x0800e8ce   0x00000026   Code   RO         9170    i.USBH_MSC_UnitIsReady  usbh_msc.o
    0x0800e8f4   0x0800e8f4   0x0000009a   Code   RO         9171    i.USBH_MSC_Write    usbh_msc.o
    0x0800e98e   0x0800e98e   0x0000001e   Code   RO         9117    i.USBH_OpenPipe     usbh_pipes.o
    0x0800e9ac   0x0800e9ac   0x000000b2   Code   RO         8935    i.USBH_ParseCfgDesc  usbh_ctlreq.o
    0x0800ea5e   0x0800ea5e   0x00000058   Code   RO         8936    i.USBH_ParseDevDesc  usbh_ctlreq.o
    0x0800eab6   0x0800eab6   0x00000020   Code   RO         8937    i.USBH_ParseEPDesc  usbh_ctlreq.o
    0x0800ead6   0x0800ead6   0x00000026   Code   RO         8938    i.USBH_ParseInterfaceDesc  usbh_ctlreq.o
    0x0800eafc   0x0800eafc   0x00000034   Code   RO         8939    i.USBH_ParseStringDesc  usbh_ctlreq.o
    0x0800eb30   0x0800eb30   0x00000246   Code   RO         8789    i.USBH_Process      usbh_core.o
    0x0800ed76   0x0800ed76   0x0000002c   Code   RO         8790    i.USBH_Process_OS   usbh_core.o
    0x0800eda2   0x0800eda2   0x00000022   Code   RO         8792    i.USBH_RegisterClass  usbh_core.o
    0x0800edc4   0x0800edc4   0x00000016   Code   RO         8793    i.USBH_SelectInterface  usbh_core.o
    0x0800edda   0x0800edda   0x0000001c   Code   RO         8940    i.USBH_SetAddress   usbh_ctlreq.o
    0x0800edf6   0x0800edf6   0x0000001c   Code   RO         8941    i.USBH_SetCfg       usbh_ctlreq.o
    0x0800ee12   0x0800ee12   0x0000001c   Code   RO         8942    i.USBH_SetFeature   usbh_ctlreq.o
    0x0800ee2e   0x0800ee2e   0x00000016   Code   RO         8794    i.USBH_Start        usbh_core.o
    0x0800ee44   0x0800ee44   0x00000038   Code   RO         1454    i.USBH_UserProcess  usb_host.o
    0x0800ee7c   0x0800ee7c   0x00000006   Code   RO         1311    i.USBH_initialize   usbh_diskio.o
    0x0800ee82   0x0800ee82   0x00000002   PAD
    0x0800ee84   0x0800ee84   0x00000084   Code   RO         1312    i.USBH_ioctl        usbh_diskio.o
    0x0800ef08   0x0800ef08   0x00000068   Code   RO         1313    i.USBH_read         usbh_diskio.o
    0x0800ef70   0x0800ef70   0x00000020   Code   RO         1314    i.USBH_status       usbh_diskio.o
    0x0800ef90   0x0800ef90   0x00000074   Code   RO         1315    i.USBH_write        usbh_diskio.o
    0x0800f004   0x0800f004   0x0000007e   Code   RO         2504    i.USB_CoreInit      stm32f4xx_ll_usb.o
    0x0800f082   0x0800f082   0x00000002   PAD
    0x0800f084   0x0800f084   0x0000003c   Code   RO         2505    i.USB_CoreReset     stm32f4xx_ll_usb.o
    0x0800f0c0   0x0800f0c0   0x0000000c   Code   RO         2512    i.USB_DisableGlobalInt  stm32f4xx_ll_usb.o
    0x0800f0cc   0x0800f0cc   0x00000024   Code   RO         2513    i.USB_DoPing        stm32f4xx_ll_usb.o
    0x0800f0f0   0x0800f0f0   0x00000040   Code   RO         2514    i.USB_DriveVbus     stm32f4xx_ll_usb.o
    0x0800f130   0x0800f130   0x0000000c   Code   RO         2520    i.USB_EnableGlobalInt  stm32f4xx_ll_usb.o
    0x0800f13c   0x0800f13c   0x00000024   Code   RO         2521    i.USB_FlushRxFifo   stm32f4xx_ll_usb.o
    0x0800f160   0x0800f160   0x00000028   Code   RO         2522    i.USB_FlushTxFifo   stm32f4xx_ll_usb.o
    0x0800f188   0x0800f188   0x00000008   Code   RO         2523    i.USB_GetCurrentFrame  stm32f4xx_ll_usb.o
    0x0800f190   0x0800f190   0x00000012   Code   RO         2525    i.USB_GetHostSpeed  stm32f4xx_ll_usb.o
    0x0800f1a2   0x0800f1a2   0x00000008   Code   RO         2526    i.USB_GetMode       stm32f4xx_ll_usb.o
    0x0800f1aa   0x0800f1aa   0x000000ce   Code   RO         2527    i.USB_HC_Halt       stm32f4xx_ll_usb.o
    0x0800f278   0x0800f278   0x00000114   Code   RO         2528    i.USB_HC_Init       stm32f4xx_ll_usb.o
    0x0800f38c   0x0800f38c   0x00000008   Code   RO         2529    i.USB_HC_ReadInterrupt  stm32f4xx_ll_usb.o
    0x0800f394   0x0800f394   0x00000184   Code   RO         2530    i.USB_HC_StartXfer  stm32f4xx_ll_usb.o
    0x0800f518   0x0800f518   0x000000f0   Code   RO         2531    i.USB_HostInit      stm32f4xx_ll_usb.o
    0x0800f608   0x0800f608   0x0000003a   Code   RO         2532    i.USB_InitFSLSPClkSel  stm32f4xx_ll_usb.o
    0x0800f642   0x0800f642   0x00000008   Code   RO         2537    i.USB_ReadInterrupts  stm32f4xx_ll_usb.o
    0x0800f64a   0x0800f64a   0x00000024   Code   RO         2538    i.USB_ReadPacket    stm32f4xx_ll_usb.o
    0x0800f66e   0x0800f66e   0x00000036   Code   RO         2539    i.USB_ResetPort     stm32f4xx_ll_usb.o
    0x0800f6a4   0x0800f6a4   0x00000030   Code   RO         2540    i.USB_SetCurrentMode  stm32f4xx_ll_usb.o
    0x0800f6d4   0x0800f6d4   0x00000080   Code   RO         2545    i.USB_StopHost      stm32f4xx_ll_usb.o
    0x0800f754   0x0800f754   0x00000030   Code   RO         2546    i.USB_WritePacket   stm32f4xx_ll_usb.o
    0x0800f784   0x0800f784   0x00000004   Code   RO         1718    i.UsageFault_Handler  stm32f4xx_it.o
    0x0800f788   0x0800f788   0x00000020   Code   RO         9689    i.__0printf         mc_w.l(printfa.o)
    0x0800f7a8   0x0800f7a8   0x00000026   Code   RO         9775    i.__ARM_fpclassifyf  m_wm.l(fpclassifyf.o)
    0x0800f7ce   0x0800f7ce   0x00000002   PAD
    0x0800f7d0   0x0800f7d0   0x000003c4   Code   RO         9403    i.__hardfp_log      m_wm.l(log.o)
    0x0800fb94   0x0800fb94   0x00000664   Code   RO         9417    i.__hardfp_powf     m_wm.l(powf.o)
    0x080101f8   0x080101f8   0x0000009a   Code   RO         9431    i.__hardfp_roundf   m_wm.l(roundf.o)
    0x08010292   0x08010292   0x000000f8   Code   RO         9791    i.__kernel_poly     m_wm.l(poly.o)
    0x0801038a   0x0801038a   0x00000006   PAD
    0x08010390   0x08010390   0x00000030   Code   RO         9761    i.__mathlib_dbl_divzero  m_wm.l(dunder.o)
    0x080103c0   0x080103c0   0x00000014   Code   RO         9762    i.__mathlib_dbl_infnan  m_wm.l(dunder.o)
    0x080103d4   0x080103d4   0x00000004   PAD
    0x080103d8   0x080103d8   0x00000020   Code   RO         9764    i.__mathlib_dbl_invalid  m_wm.l(dunder.o)
    0x080103f8   0x080103f8   0x00000014   Code   RO         9777    i.__mathlib_flt_divzero  m_wm.l(funder.o)
    0x0801040c   0x0801040c   0x00000006   Code   RO         9779    i.__mathlib_flt_infnan2  m_wm.l(funder.o)
    0x08010412   0x08010412   0x00000002   PAD
    0x08010414   0x08010414   0x00000010   Code   RO         9780    i.__mathlib_flt_invalid  m_wm.l(funder.o)
    0x08010424   0x08010424   0x00000010   Code   RO         9781    i.__mathlib_flt_overflow  m_wm.l(funder.o)
    0x08010434   0x08010434   0x00000010   Code   RO         9783    i.__mathlib_flt_underflow  m_wm.l(funder.o)
    0x08010444   0x08010444   0x0000000e   Code   RO         9847    i.__scatterload_copy  mc_w.l(handlers.o)
    0x08010452   0x08010452   0x00000002   Code   RO         9848    i.__scatterload_null  mc_w.l(handlers.o)
    0x08010454   0x08010454   0x0000000e   Code   RO         9849    i.__scatterload_zeroinit  mc_w.l(handlers.o)
    0x08010462   0x08010462   0x00000002   PAD
    0x08010464   0x08010464   0x0000000c   Code   RO         9823    i.__set_errno       mc_w.l(errno.o)
    0x08010470   0x08010470   0x00000184   Code   RO         9696    i._fp_digits        mc_w.l(printfa.o)
    0x080105f4   0x080105f4   0x000006b4   Code   RO         9697    i._printf_core      mc_w.l(printfa.o)
    0x08010ca8   0x08010ca8   0x00000024   Code   RO         9698    i._printf_post_padding  mc_w.l(printfa.o)
    0x08010ccc   0x08010ccc   0x0000002e   Code   RO         9699    i._printf_pre_padding  mc_w.l(printfa.o)
    0x08010cfa   0x08010cfa   0x00000002   Code   RO          893    i.assert_failed     main.o
    0x08010cfc   0x08010cfc   0x00000108   Code   RO          675    i.boiler_block      main_module.o
    0x08010e04   0x08010e04   0x00000140   Code   RO          676    i.boiler_crash      main_module.o
    0x08010f44   0x08010f44   0x0000041a   Code   RO          677    i.boiler_ignition   main_module.o
    0x0801135e   0x0801135e   0x00000002   PAD
    0x08011360   0x08011360   0x0000012c   Code   RO          678    i.boiler_init       main_module.o
    0x0801148c   0x0801148c   0x000003a8   Code   RO          679    i.boiler_maintain   main_module.o
    0x08011834   0x08011834   0x00000484   Code   RO          680    i.boiler_self_test  main_module.o
    0x08011cb8   0x08011cb8   0x00000370   Code   RO          681    i.boiler_stabilization  main_module.o
    0x08012028   0x08012028   0x000000fc   Code   RO          682    i.boiler_start_ready  main_module.o
    0x08012124   0x08012124   0x00000044   Code   RO          468    i.boiler_state_load_eeprom  global_var.o
    0x08012168   0x08012168   0x00000048   Code   RO          469    i.boiler_state_save_eeprom  global_var.o
    0x080121b0   0x080121b0   0x000000ec   Code   RO          683    i.boiler_step       main_module.o
    0x0801229c   0x0801229c   0x00000034   Code   RO          684    i.boiler_turn_off   main_module.o
    0x080122d0   0x080122d0   0x000002e8   Code   RO          685    i.boiler_wait       main_module.o
    0x080125b8   0x080125b8   0x00000288   Code   RO          686    i.boiler_work       main_module.o
    0x08012840   0x08012840   0x000000d4   Code   RO          401    i.convertADCToTemperature  sensors.o
    0x08012914   0x08012914   0x00000054   Code   RO          402    i.convertADCToTemperatureU  sensors.o
    0x08012968   0x08012968   0x00000034   Code   RO         7787    i.eTaskConfirmSleepModeStatus  tasks.o
    0x0801299c   0x0801299c   0x0000004c   Code   RO          895    i.fputc             main.o
    0x080129e8   0x080129e8   0x00000050   Code   RO         9717    i.free              mc_w.l(malloc.o)
    0x08012a38   0x08012a38   0x00000078   Code   RO          471    i.global_var_init   global_var.o
    0x08012ab0   0x08012ab0   0x00000010   Code   RO         8269    i.inHandlerMode     cmsis_os.o
    0x08012ac0   0x08012ac0   0x00000044   Code   RO          472    i.last_event_load_eeprom  global_var.o
    0x08012b04   0x08012b04   0x00000048   Code   RO          473    i.last_event_save_eeprom  global_var.o
    0x08012b4c   0x08012b4c   0x00000608   Code   RO          896    i.main              main.o
    0x08013154   0x08013154   0x00000024   Code   RO          687    i.main_function_block  main_module.o
    0x08013178   0x08013178   0x00000024   Code   RO          688    i.main_function_crash  main_module.o
    0x0801319c   0x0801319c   0x00000638   Code   RO          689    i.main_function_ignition  main_module.o
    0x080137d4   0x080137d4   0x0000024c   Code   RO          690    i.main_function_maintain  main_module.o
    0x08013a20   0x08013a20   0x0000024c   Code   RO          691    i.main_function_stabilization  main_module.o
    0x08013c6c   0x08013c6c   0x0000024c   Code   RO          692    i.main_function_wait  main_module.o
    0x08013eb8   0x08013eb8   0x0000024c   Code   RO          693    i.main_function_work  main_module.o
    0x08014104   0x08014104   0x0000000c   Code   RO         8271    i.makeFreeRtosPriority  cmsis_os.o
    0x08014110   0x08014110   0x0000006c   Code   RO         9718    i.malloc            mc_w.l(malloc.o)
    0x0801417c   0x0801417c   0x00000044   Code   RO          474    i.menu_season_load_eeprom  global_var.o
    0x080141c0   0x080141c0   0x00000128   Code   RO          476    i.menu_temperature_init  global_var.o
    0x080142e8   0x080142e8   0x00000048   Code   RO          477    i.menu_temperature_load_eeprom  global_var.o
    0x08014330   0x08014330   0x000000d4   Code   RO          479    i.menu_temperature_save_eeprom  global_var.o
    0x08014404   0x08014404   0x00000278   Code   RO          481    i.menu_time_init    global_var.o
    0x0801467c   0x0801467c   0x0000004c   Code   RO          482    i.menu_time_load_eeprom  global_var.o
    0x080146c8   0x080146c8   0x000000d4   Code   RO          484    i.menu_time_save_eeprom  global_var.o
    0x0801479c   0x0801479c   0x00000040   Code   RO          236    i.on_key_event      user_tasks.o
    0x080147dc   0x080147dc   0x0000000a   Code   RO         8276    i.osKernelStart     cmsis_os.o
    0x080147e6   0x080147e6   0x0000002a   Code   RO         8285    i.osMessageCreate   cmsis_os.o
    0x08014810   0x08014810   0x000000ac   Code   RO         8287    i.osMessageGet      cmsis_os.o
    0x080148bc   0x080148bc   0x00000064   Code   RO         8289    i.osMessagePut      cmsis_os.o
    0x08014920   0x08014920   0x0000005c   Code   RO         8310    i.osThreadCreate    cmsis_os.o
    0x0801497c   0x0801497c   0x00000044   Code   RO         8321    i.osTimerCreate     cmsis_os.o
    0x080149c0   0x080149c0   0x00000064   Code   RO         8323    i.osTimerStart      cmsis_os.o
    0x08014a24   0x08014a24   0x00000060   Code   RO         8324    i.osTimerStop       cmsis_os.o
    0x08014a84   0x08014a84   0x00000078   Code   RO         7789    i.prvAddCurrentTaskToDelayedList  tasks.o
    0x08014afc   0x08014afc   0x00000088   Code   RO         7790    i.prvAddNewTaskToReadyList  tasks.o
    0x08014b84   0x08014b84   0x0000005c   Code   RO         8139    i.prvCheckForValidListAndQueue  timers.o
    0x08014be0   0x08014be0   0x00000040   Code   RO         7791    i.prvCheckTasksWaitingTermination  tasks.o
    0x08014c20   0x08014c20   0x00000024   Code   RO         7442    i.prvCopyDataFromQueue  queue.o
    0x08014c44   0x08014c44   0x0000006e   Code   RO         7443    i.prvCopyDataToQueue  queue.o
    0x08014cb2   0x08014cb2   0x00000040   Code   RO         7792    i.prvDeleteTCB      tasks.o
    0x08014cf2   0x08014cf2   0x00000002   PAD
    0x08014cf4   0x08014cf4   0x00000038   Code   RO         7793    i.prvGetExpectedIdleTime  tasks.o
    0x08014d2c   0x08014d2c   0x00000024   Code   RO         8140    i.prvGetNextExpireTime  timers.o
    0x08014d50   0x08014d50   0x0000002e   Code   RO          599    i.prvGetNumberOfParameters  freertos_cli.o
    0x08014d7e   0x08014d7e   0x00000002   PAD
    0x08014d80   0x08014d80   0x00000050   Code   RO         8638    i.prvHeapInit       heap_4.o
    0x08014dd0   0x08014dd0   0x0000004c   Code   RO          600    i.prvHelpCommand    freertos_cli.o
    0x08014e1c   0x08014e1c   0x00000064   Code   RO         7794    i.prvIdleTask       tasks.o
    0x08014e80   0x08014e80   0x00000018   Code   RO         7446    i.prvInitialiseNewQueue  queue.o
    0x08014e98   0x08014e98   0x00000090   Code   RO         7795    i.prvInitialiseNewTask  tasks.o
    0x08014f28   0x08014f28   0x00000048   Code   RO         8141    i.prvInitialiseNewTimer  timers.o
    0x08014f70   0x08014f70   0x00000060   Code   RO         7796    i.prvInitialiseTaskLists  tasks.o
    0x08014fd0   0x08014fd0   0x0000005c   Code   RO         8639    i.prvInsertBlockIntoFreeList  heap_4.o
    0x0801502c   0x0801502c   0x00000048   Code   RO         8142    i.prvInsertTimerInActiveList  timers.o
    0x08015074   0x08015074   0x0000001a   Code   RO         7447    i.prvIsQueueEmpty   queue.o
    0x0801508e   0x0801508e   0x0000001e   Code   RO         7448    i.prvIsQueueFull    queue.o
    0x080150ac   0x080150ac   0x0000005c   Code   RO         8143    i.prvProcessExpiredTimer  timers.o
    0x08015108   0x08015108   0x000000c8   Code   RO         8144    i.prvProcessReceivedCommands  timers.o
    0x080151d0   0x080151d0   0x0000006c   Code   RO         8145    i.prvProcessTimerOrBlockTask  timers.o
    0x0801523c   0x0801523c   0x00000024   Code   RO         7797    i.prvResetNextTaskUnblockTime  tasks.o
    0x08015260   0x08015260   0x0000002c   Code   RO         8146    i.prvSampleTimeNow  timers.o
    0x0801528c   0x0801528c   0x00000074   Code   RO         8147    i.prvSwitchTimerLists  timers.o
    0x08015300   0x08015300   0x00000030   Code   RO         8689    i.prvTaskExitError  port.o
    0x08015330   0x08015330   0x00000014   Code   RO         8148    i.prvTimerTask      timers.o
    0x08015344   0x08015344   0x00000068   Code   RO         7449    i.prvUnlockQueue    queue.o
    0x080153ac   0x080153ac   0x000000e8   Code   RO         8640    i.pvPortMalloc      heap_4.o
    0x08015494   0x08015494   0x0000002c   Code   RO         8690    i.pxPortInitialiseStack  port.o
    0x080154c0   0x080154c0   0x00000128   Code   RO          403    i.sensors_poll      sensors.o
    0x080155e8   0x080155e8   0x00000026   Code   RO         7402    i.uxListRemove      list.o
    0x0801560e   0x0801560e   0x00000002   PAD
    0x08015610   0x08015610   0x00000018   Code   RO         1251    i.vApplicationGetIdleTaskMemory  freertos.o
    0x08015628   0x08015628   0x00000018   Code   RO         1252    i.vApplicationGetTimerTaskMemory  freertos.o
    0x08015640   0x08015640   0x00000002   Code   RO         1253    i.vApplicationIdleHook  freertos.o
    0x08015642   0x08015642   0x00000002   Code   RO         1254    i.vApplicationMallocFailedHook  freertos.o
    0x08015644   0x08015644   0x00000002   Code   RO         1255    i.vApplicationStackOverflowHook  freertos.o
    0x08015646   0x08015646   0x00000002   PAD
    0x08015648   0x08015648   0x00000120   Code   RO          897    i.vBoilerFSMTask    main.o
    0x08015768   0x08015768   0x00000094   Code   RO          898    i.vCommandConsoleTask  main.o
    0x080157fc   0x080157fc   0x00000040   Code   RO          900    i.vGetForDisplay    main.o
    0x0801583c   0x0801583c   0x0000004c   Code   RO          238    i.vGetTime          user_tasks.o
    0x08015888   0x08015888   0x00000016   Code   RO         7403    i.vListInitialise   list.o
    0x0801589e   0x0801589e   0x00000006   Code   RO         7404    i.vListInitialiseItem  list.o
    0x080158a4   0x080158a4   0x00000036   Code   RO         7405    i.vListInsert       list.o
    0x080158da   0x080158da   0x00000018   Code   RO         7406    i.vListInsertEnd    list.o
    0x080158f2   0x080158f2   0x00000002   PAD
    0x080158f4   0x080158f4   0x00000040   Code   RO         8692    i.vPortEnterCritical  port.o
    0x08015934   0x08015934   0x0000002c   Code   RO         8693    i.vPortExitCritical  port.o
    0x08015960   0x08015960   0x0000005c   Code   RO         8641    i.vPortFree         heap_4.o
    0x080159bc   0x080159bc   0x00000048   Code   RO         8694    i.vPortSetupTimerInterrupt  port.o
    0x08015a04   0x08015a04   0x000000f8   Code   RO         8695    i.vPortSuppressTicksAndSleep  port.o
    0x08015afc   0x08015afc   0x00000054   Code   RO         8696    i.vPortValidateInterruptPriority  port.o
    0x08015b50   0x08015b50   0x00000028   Code   RO         7453    i.vQueueAddToRegistry  queue.o
    0x08015b78   0x08015b78   0x0000004a   Code   RO         7456    i.vQueueWaitForMessageRestricted  queue.o
    0x08015bc2   0x08015bc2   0x00000002   PAD
    0x08015bc4   0x08015bc4   0x0000006c   Code   RO          902    i.vSensorsPollTask  main.o
    0x08015c30   0x08015c30   0x00000050   Code   RO         7805    i.vTaskDelay        tasks.o
    0x08015c80   0x08015c80   0x00000010   Code   RO         7809    i.vTaskInternalSetTimeOutState  tasks.o
    0x08015c90   0x08015c90   0x0000000c   Code   RO         7810    i.vTaskMissedYield  tasks.o
    0x08015c9c   0x08015c9c   0x00000034   Code   RO         7812    i.vTaskPlaceOnEventList  tasks.o
    0x08015cd0   0x08015cd0   0x0000003c   Code   RO         7813    i.vTaskPlaceOnEventListRestricted  tasks.o
    0x08015d0c   0x08015d0c   0x00000090   Code   RO         7821    i.vTaskStartScheduler  tasks.o
    0x08015d9c   0x08015d9c   0x00000028   Code   RO         7822    i.vTaskStepTick     tasks.o
    0x08015dc4   0x08015dc4   0x00000010   Code   RO         7824    i.vTaskSuspendAll   tasks.o
    0x08015dd4   0x08015dd4   0x00000090   Code   RO         7825    i.vTaskSwitchContext  tasks.o
    0x08015e64   0x08015e64   0x00000104   Code   RO         8697    i.xPortStartScheduler  port.o
    0x08015f68   0x08015f68   0x0000004a   Code   RO         7461    i.xQueueGenericCreate  queue.o
    0x08015fb2   0x08015fb2   0x00000070   Code   RO         7462    i.xQueueGenericCreateStatic  queue.o
    0x08016022   0x08016022   0x00000002   PAD
    0x08016024   0x08016024   0x00000090   Code   RO         7463    i.xQueueGenericReset  queue.o
    0x080160b4   0x080160b4   0x00000170   Code   RO         7464    i.xQueueGenericSend  queue.o
    0x08016224   0x08016224   0x000000bc   Code   RO         7465    i.xQueueGenericSendFromISR  queue.o
    0x080162e0   0x080162e0   0x00000148   Code   RO         7472    i.xQueueReceive     queue.o
    0x08016428   0x08016428   0x0000009a   Code   RO         7473    i.xQueueReceiveFromISR  queue.o
    0x080164c2   0x080164c2   0x00000002   PAD
    0x080164c4   0x080164c4   0x00000080   Code   RO         7827    i.xTaskCheckForTimeOut  tasks.o
    0x08016544   0x08016544   0x0000006c   Code   RO         7828    i.xTaskCreate       tasks.o
    0x080165b0   0x080165b0   0x00000060   Code   RO         7829    i.xTaskCreateStatic  tasks.o
    0x08016610   0x08016610   0x0000001c   Code   RO         7834    i.xTaskGetSchedulerState  tasks.o
    0x0801662c   0x0801662c   0x0000000c   Code   RO         7835    i.xTaskGetTickCount  tasks.o
    0x08016638   0x08016638   0x000000d0   Code   RO         7837    i.xTaskIncrementTick  tasks.o
    0x08016708   0x08016708   0x0000009c   Code   RO         7840    i.xTaskPriorityDisinherit  tasks.o
    0x080167a4   0x080167a4   0x00000080   Code   RO         7842    i.xTaskRemoveFromEventList  tasks.o
    0x08016824   0x08016824   0x000000cc   Code   RO         7843    i.xTaskResumeAll    tasks.o
    0x080168f0   0x080168f0   0x00000038   Code   RO         8151    i.xTimerCreate      timers.o
    0x08016928   0x08016928   0x0000003c   Code   RO         8152    i.xTimerCreateStatic  timers.o
    0x08016964   0x08016964   0x00000068   Code   RO         8153    i.xTimerCreateTimerTask  timers.o
    0x080169cc   0x080169cc   0x00000074   Code   RO         8154    i.xTimerGenericCommand  timers.o
    0x08016a40   0x08016a40   0x00000010   Data   RO          602    .constdata          freertos_cli.o
    0x08016a50   0x08016a50   0x000000b4   Data   RO          905    .constdata          main.o
    0x08016b04   0x08016b04   0x00000014   Data   RO         1316    .constdata          usbh_diskio.o
    0x08016b18   0x08016b18   0x00000018   Data   RO         2022    .constdata          system_stm32f4xx.o
    0x08016b30   0x08016b30   0x00000008   Data   RO         3324    .constdata          stm32f4xx_hal_dma.o
    0x08016b38   0x08016b38   0x0000002c   Data   RO         8796    .constdata          usbh_core.o
    0x08016b64   0x08016b64   0x00000004   PAD
    0x08016b68   0x08016b68   0x00000038   Data   RO         9406    .constdata          m_wm.l(log.o)
    0x08016ba0   0x08016ba0   0x00000140   Data   RO         9420    .constdata          m_wm.l(powf.o)
    0x08016ce0   0x08016ce0   0x00000008   Data   RO         9793    .constdata          m_wm.l(qnan.o)
    0x08016ce8   0x08016ce8   0x000000dd   Data   RO          603    .conststring        freertos_cli.o
    0x08016dc5   0x08016dc5   0x00000003   PAD
    0x08016dc8   0x08016dc8   0x0000000c   Data   RO          906    .conststring        main.o
    0x08016dd4   0x08016dd4   0x0000000c   Data   RO         8797    .conststring        usbh_core.o
    0x08016de0   0x08016de0   0x00000004   Data   RO         9172    .conststring        usbh_msc.o
    0x08016de4   0x08016de4   0x00000020   Data   RO         9845    Region$$Table       anon$$obj.o


    Execution Region RW_IRAM1 (Exec base: 0x20000000, Load base: 0x08016e04, Size: 0x00006bc0, Max: 0x00020000, ABSOLUTE, COMPRESSED[0x00000438])

    Exec Addr    Load Addr    Size         Type   Attr      Idx    E Section Name        Object

    0x20000000   COMPRESSED   0x00000004   Data   RW           23    .data               stm32_ds3231.o
    0x20000004   COMPRESSED   0x00000014   Data   RW          604    .data               freertos_cli.o
    0x20000018   COMPRESSED   0x00000024   Data   RW          694    .data               main_module.o
    0x2000003c   COMPRESSED   0x00000004   PAD
    0x20000040   COMPRESSED   0x00000098   Data   RW          907    .data               main.o
    0x200000d8   COMPRESSED   0x00000005   Data   RW         1382    .data               fatfs.o
    0x200000dd   COMPRESSED   0x00000001   PAD
    0x200000de   COMPRESSED   0x00000006   Data   RW         1419    .data               pdm2pcm.o
    0x200000e4   COMPRESSED   0x00000001   Data   RW         1456    .data               usb_host.o
    0x200000e5   COMPRESSED   0x00000003   PAD
    0x200000e8   COMPRESSED   0x00000004   Data   RW         2023    .data               system_stm32f4xx.o
    0x200000ec   COMPRESSED   0x00000004   Data   RW         2547    .data               stm32f4xx_ll_usb.o
    0x200000f0   COMPRESSED   0x0000000c   Data   RW         3746    .data               stm32f4xx_hal.o
    0x200000fc   COMPRESSED   0x0000003c   Data   RW         7846    .data               tasks.o
    0x20000138   COMPRESSED   0x00000014   Data   RW         8160    .data               timers.o
    0x2000014c   COMPRESSED   0x00000018   Data   RW         8646    .data               heap_4.o
    0x20000164   COMPRESSED   0x00000018   Data   RW         8698    .data               port.o
    0x2000017c   COMPRESSED   0x00000020   Data   RW         9173    .data               usbh_msc.o
    0x2000019c   COMPRESSED   0x00000404   Data   RW         9379    .data               libPDMFilter_CM4_Keil_wc16.lib(pdm_filter.o)
    0x200005a0   COMPRESSED   0x00000004   Data   RW         9810    .data               mc_w.l(stdout.o)
    0x200005a4   COMPRESSED   0x00000004   Data   RW         9819    .data               mc_w.l(mvars.o)
    0x200005a8   COMPRESSED   0x00000004   Data   RW         9820    .data               mc_w.l(mvars.o)
    0x200005ac   COMPRESSED   0x00000004   Data   RW         9824    .data               mc_w.l(errno.o)
    0x200005b0        -       0x00000fc8   Zero   RW          904    .bss                main.o
    0x20001578        -       0x00000ab0   Zero   RW         1256    .bss                freertos.o
    0x20002028        -       0x0000004c   Zero   RW         1418    .bss                pdm2pcm.o
    0x20002074        -       0x000003d8   Zero   RW         1455    .bss                usb_host.o
    0x2000244c        -       0x000002c4   Zero   RW         1517    .bss                usbh_conf.o
    0x20002710        -       0x00000040   Zero   RW         1984    .bss                stm32f4xx_hal_timebase_tim.o
    0x20002750        -       0x0000000c   Zero   RW         7207    .bss                ff_gen_drv.o
    0x2000275c        -       0x00000040   Zero   RW         7476    .bss                queue.o
    0x2000279c        -       0x000000f0   Zero   RW         7845    .bss                tasks.o
    0x2000288c        -       0x00000130   Zero   RW         8159    .bss                timers.o
    0x200029bc        -       0x00003c00   Zero   RW         8645    .bss                heap_4.o
    0x200065bc   COMPRESSED   0x00000004   PAD
    0x200065c0        -       0x00000200   Zero   RW            2    HEAP                startup_stm32f407xx.o
    0x200067c0        -       0x00000400   Zero   RW            1    STACK               startup_stm32f407xx.o


==============================================================================

Image component sizes


      Code (inc. data)   RO Data    RW Data    ZI Data      Debug   Object Name

       708         24          0          0          0      32550   cmsis_os.o
         0          0          0          0          0      17860   event_groups.o
        28         12          0          5          0       1034   fatfs.o
        74          4          0          0         12       1651   ff_gen_drv.o
        58         18          0          0       2736       4474   freertos.o
       338         26        237         20          0      13031   freertos_cli.o
      1968        326          0          0          0       8790   global_var.o
       496         30          0         24      15360       4959   heap_4.o
       144          0          0          0          0       3602   list.o
      7042       1188        192        152       4040      46252   main.o
     11002        626          0         36          0      13215   main_module.o
        64         14          0          6         76        791   pdm2pcm.o
      1098        100          0         24          0      13342   port.o
      1812         24          0          0         64      17597   queue.o
       592         88          0          0          0      16675   sensors.o
        36          8        392          0       1536        840   startup_stm32f407xx.o
       196         12          0          4          0     747085   stm32_ds3231.o
       120         20          0         12          0       3894   stm32f4xx_hal.o
      2482        344          0          0          0       8890   stm32f4xx_hal_adc.o
         2          0          0          0          0       1013   stm32f4xx_hal_adc_ex.o
       416        190          0          0          0      32954   stm32f4xx_hal_cortex.o
       116         56          0          0          0       1071   stm32f4xx_hal_crc.o
      1760        194          8          0          0       7637   stm32f4xx_hal_dma.o
      1068        226          0          0          0       4150   stm32f4xx_hal_gpio.o
      2668         64          0          0          0      14193   stm32f4xx_hal_hcd.o
      8416        286          0          0          0      42243   stm32f4xx_hal_i2c.o
       232         62          0          0          0       1827   stm32f4xx_hal_iwdg.o
      2284        176          0          0          0       7582   stm32f4xx_hal_msp.o
      2276        222          0          0          0       7349   stm32f4xx_hal_rcc.o
       828         92          0          0          0       1688   stm32f4xx_hal_rcc_ex.o
      1588        174          0          0          0       6298   stm32f4xx_hal_rtc.o
       738         60          0          0          0       3700   stm32f4xx_hal_spi.o
      4858        738          0          0          0      18416   stm32f4xx_hal_tim.o
       292         62          0          0          0       2549   stm32f4xx_hal_tim_ex.o
       140         18          0          0         64       1455   stm32f4xx_hal_timebase_tim.o
      2394        160          0          0          0      10551   stm32f4xx_hal_uart.o
       312        102          0          0          0      12082   stm32f4xx_it.o
      1918         48          0          4          0      18139   stm32f4xx_ll_usb.o
       100         18         24          4          0       1163   system_stm32f4xx.o
      2500        222          0         60        240      27632   tasks.o
      1188         94          0         20        304      22591   timers.o
       116         20          0          1        984       9396   usb_host.o
      1014         22          0          0        708      22377   usbh_conf.o
      1582         24         56          0          0      13482   usbh_core.o
      1506         12          0          0          0      12774   usbh_ctlreq.o
       390         20         20          0          0      20152   usbh_diskio.o
       208          0          0          0          0       4480   usbh_ioreq.o
      2118         10          4         32          0      11209   usbh_msc.o
       938         26          0          0          0       7172   usbh_msc_bot.o
       908          0          0          0          0       6331   usbh_msc_scsi.o
       132          0          0          0          0       3970   usbh_pipes.o
        32          6          0          0          0        566   usbh_platform.o
      2808        788          0          0          0      40486   user_tasks.o

    ----------------------------------------------------------------------
     76170       7056        972        412      26128    1355210   Object Totals
         0          0         32          0          0          0   (incl. Generated)
        66          0          7          8          4          0   (incl. Padding)

    ----------------------------------------------------------------------

      Code (inc. data)   RO Data    RW Data    ZI Data      Debug   Library Member Name

      8428        644          0       1028          0       2472   pdm_filter.o
       108         26          0          0          0        116   stm32_crc_lock.o
       100         28          0          0          0        372   dunder.o
        38          0          0          0          0        116   fpclassifyf.o
        74         24          0          0          0        580   funder.o
       964         92         56          0          0        316   log.o
       248          0          0          0          0        152   poly.o
      1636        110        320          0          0        372   powf.o
         0          0          8          0          0          0   qnan.o
       154          0          0          0          0        140   roundf.o
        58          0          0          0          0          0   __dczerorl.o
         0          0          0          0          0          0   entry.o
         0          0          0          0          0          0   entry10a.o
         0          0          0          0          0          0   entry11a.o
         4          0          0          0          0          0   entry12b.o
         8          4          0          0          0          0   entry2.o
         4          0          0          0          0          0   entry5.o
         0          0          0          0          0          0   entry7b.o
         0          0          0          0          0          0   entry8b.o
         8          4          0          0          0          0   entry9a.o
        12          6          0          4          0         68   errno.o
        30          0          0          0          0          0   handlers.o
        36          8          0          0          0         68   init.o
         0          0          0          0          0          0   iusefp.o
        30          0          0          0          0         68   llshl.o
        36          0          0          0          0         68   llsshr.o
        32          0          0          0          0         68   llushr.o
       188         20          0          0          0        160   malloc.o
        36          0          0          0          0         68   memcpya.o
        36          0          0          0          0        108   memseta.o
         0          0          0          8          0          0   mvars.o
      2218         90          0          0          0        464   printfa.o
         0          0          0          4          0          0   stdout.o
        14          0          0          0          0         68   strlen.o
        30          0          0          0          0         80   strncmp.o
        24          0          0          0          0         76   strncpy.o
        44          0          0          0          0         80   uidiv.o
        98          0          0          0          0         92   uldiv.o
        48          0          0          0          0         68   cdcmple.o
        48          0          0          0          0         68   cdrcmple.o
       334          0          0          0          0        148   dadd.o
       222          0          0          0          0        100   ddiv.o
       186          0          0          0          0        176   depilogue.o
        62          0          0          0          0         80   dfixi.o
        50          0          0          0          0         76   dfixui.o
        48          0          0          0          0         68   dfixul.o
        34          0          0          0          0         76   dflti.o
        26          0          0          0          0         76   dfltui.o
       228          0          0          0          0         96   dmul.o
       110          0          0          0          0        168   fepilogue.o
         4          0          0          0          0         68   fpstat.o
        60          0          0          0          0         76   frnd.o

    ----------------------------------------------------------------------
     16174       1056        384       1044          0       7516   Library Totals
        18          0          0          0          0          0   (incl. Padding)

    ----------------------------------------------------------------------

      Code (inc. data)   RO Data    RW Data    ZI Data      Debug   Library Name

      8536        670          0       1028          0       2588   libPDMFilter_CM4_Keil_wc16.lib
      3214        254        384          0          0       2048   m_wm.l
      2946        132          0         16          0       1536   mc_w.l
      1460          0          0          0          0       1344   mf_w.l

    ----------------------------------------------------------------------
     16174       1056        384       1044          0       7516   Library Totals

    ----------------------------------------------------------------------

==============================================================================


      Code (inc. data)   RO Data    RW Data    ZI Data      Debug   

     92344       8112       1356       1456      26128    1308950   Grand Totals
     92344       8112       1356       1080      26128    1308950   ELF Image Totals (compressed)
     92344       8112       1356       1080          0          0   ROM Totals

==============================================================================

    Total RO  Size (Code + RO Data)                93700 (  91.50kB)
    Total RW  Size (RW Data + ZI Data)             27584 (  26.94kB)
    Total ROM Size (Code + RO Data + RW Data)      94780 (  92.56kB)

==============================================================================

